Component: ARM Compiler 5.06 update 6 (build 750) Tool: armlink [4d35ed]

==============================================================================

Section Cross References

    startup_stm32g070xx.o(RESET) refers to startup_stm32g070xx.o(STACK) for __initial_sp
    startup_stm32g070xx.o(RESET) refers to startup_stm32g070xx.o(.text) for Reset_Handler
    startup_stm32g070xx.o(RESET) refers to stm32g0xx_it.o(i.NMI_Handler) for NMI_Handler
    startup_stm32g070xx.o(RESET) refers to stm32g0xx_it.o(i.HardFault_Handler) for HardFault_Handler
    startup_stm32g070xx.o(RESET) refers to stm32g0xx_it.o(i.SVC_Handler) for SVC_Handler
    startup_stm32g070xx.o(RESET) refers to stm32g0xx_it.o(i.PendSV_Handler) for PendSV_Handler
    startup_stm32g070xx.o(RESET) refers to stm32g0xx_it.o(i.SysTick_Handler) for SysTick_Handler
    startup_stm32g070xx.o(RESET) refers to sdk.o(i.TIM6_IRQHandler) for TIM6_IRQHandler
    startup_stm32g070xx.o(RESET) refers to sdk.o(i.SPI1_IRQHandler) for SPI1_IRQHandler
    startup_stm32g070xx.o(RESET) refers to sdk.o(i.SPI2_IRQHandler) for SPI2_IRQHandler
    startup_stm32g070xx.o(.text) refers to system_stm32g0xx.o(i.SystemInit) for SystemInit
    startup_stm32g070xx.o(.text) refers to entry.o(.ARM.Collect$$$$00000000) for __main
    main.o(i.AirConditionerParm) refers to main.o(i.ShowFlashIMG_ID) for ShowFlashIMG_ID
    main.o(i.AudioParm) refers to main.o(i.ShowFlashIMG_xy) for ShowFlashIMG_xy
    main.o(i.AudioParm) refers to sdk.o(i.LCD_Clear_block) for LCD_Clear_block
    main.o(i.AudioParm) refers to main.o(.data) for .data
    main.o(i.AudioParm) refers to main.o(.constdata) for .constdata
    main.o(i.BURNIMG) refers to main.o(i.ROM2FLASH) for ROM2FLASH
    main.o(i.BURNIMG) refers to main.o(.constdata) for .constdata
    main.o(i.BrightnessParm) refers to main.o(i.ShowFlashIMG_ID) for ShowFlashIMG_ID
    main.o(i.BrightnessParm) refers to sdk.o(i.LCD_BrightnessSetting) for LCD_BrightnessSetting
    main.o(i.BrightnessParm) refers to main.o(.constdata) for .constdata
    main.o(i.DisplayInit) refers to sdk.o(i.LCD_set_frame) for LCD_set_frame
    main.o(i.DisplayInit) refers to sdk.o(i.LCD_Clear_Screen) for LCD_Clear_Screen
    main.o(i.DisplayInit) refers to main.o(i.ShowFlashIMG_ID) for ShowFlashIMG_ID
    main.o(i.DisplayInit) refers to main.o(i.LCD_ShowList) for LCD_ShowList
    main.o(i.DisplayInit) refers to main.o(.constdata) for .constdata
    main.o(i.FanParm) refers to main.o(i.ShowFlashIMG_xy) for ShowFlashIMG_xy
    main.o(i.FanParm) refers to sdk.o(i.LCD_Clear_block) for LCD_Clear_block
    main.o(i.FanParm) refers to main.o(.data) for .data
    main.o(i.FanParm) refers to main.o(.constdata) for .constdata
    main.o(i.LCD_ShowList) refers to sdk.o(i.LCD_Clear_block) for LCD_Clear_block
    main.o(i.LCD_ShowList) refers to sdk.o(i.LCD_ShowImg) for LCD_ShowImg
    main.o(i.LCD_ShowList) refers to main.o(.constdata) for .constdata
    main.o(i.ROM2FLASH) refers to sdk.o(i.Flash_EraseBlock) for Flash_EraseBlock
    main.o(i.ROM2FLASH) refers to memseta.o(.text) for __aeabi_memclr
    main.o(i.ROM2FLASH) refers to sdk.o(i.Flash_Write) for Flash_Write
    main.o(i.ROM2FLASH) refers to main.o(.bss) for .bss
    main.o(i.ReadIMGInfo_Flash) refers to sdk.o(i.Flash_ReadBytes) for Flash_ReadBytes
    main.o(i.ShowFlashIMG_ID) refers to sdk.o(i.Flash_ReadBytes) for Flash_ReadBytes
    main.o(i.ShowFlashIMG_ID) refers to uidiv.o(.text) for __aeabi_uidivmod
    main.o(i.ShowFlashIMG_ID) refers to sdk.o(i.LCD_ShowImg) for LCD_ShowImg
    main.o(i.ShowFlashIMG_ID) refers to main.o(.data) for .data
    main.o(i.ShowFlashIMG_ID) refers to main.o(.bss) for .bss
    main.o(i.ShowFlashIMG_xy) refers to sdk.o(i.Flash_ReadBytes) for Flash_ReadBytes
    main.o(i.ShowFlashIMG_xy) refers to uidiv.o(.text) for __aeabi_uidivmod
    main.o(i.ShowFlashIMG_xy) refers to sdk.o(i.LCD_ShowImg) for LCD_ShowImg
    main.o(i.ShowFlashIMG_xy) refers to main.o(.data) for .data
    main.o(i.ShowFlashIMG_xy) refers to main.o(.bss) for .bss
    main.o(i.SystemClock_Config) refers to memseta.o(.text) for __aeabi_memclr4
    main.o(i.SystemClock_Config) refers to stm32g0xx_hal_pwr_ex.o(i.HAL_PWREx_ControlVoltageScaling) for HAL_PWREx_ControlVoltageScaling
    main.o(i.SystemClock_Config) refers to stm32g0xx_hal_rcc.o(i.HAL_RCC_OscConfig) for HAL_RCC_OscConfig
    main.o(i.SystemClock_Config) refers to stm32g0xx_hal_rcc.o(i.HAL_RCC_ClockConfig) for HAL_RCC_ClockConfig
    main.o(i.TemperatureParm) refers to main.o(i.ShowFlashIMG_ID) for ShowFlashIMG_ID
    main.o(i.TemperatureParm) refers to main.o(i.ReadIMGInfo_Flash) for ReadIMGInfo_Flash
    main.o(i.TemperatureParm) refers to sdk.o(i.LCD_Clear_block) for LCD_Clear_block
    main.o(i.TemperatureParm) refers to main.o(.data) for .data
    main.o(i.main) refers to stm32g0xx_hal.o(i.HAL_Init) for HAL_Init
    main.o(i.main) refers to main.o(i.SystemClock_Config) for SystemClock_Config
[...]
    Removing stm32g0xx_hal_pwr.o(i.HAL_PWR_EnterSLEEPMode), (68 bytes).
    Removing stm32g0xx_hal_pwr.o(i.HAL_PWR_EnterSTANDBYMode), (36 bytes).
    Removing stm32g0xx_hal_pwr.o(i.HAL_PWR_EnterSTOPMode), (64 bytes).
    Removing stm32g0xx_hal_pwr_ex.o(.rev16_text), (4 bytes).
    Removing stm32g0xx_hal_pwr_ex.o(.revsh_text), (4 bytes).
    Removing stm32g0xx_hal_pwr_ex.o(i.HAL_PWREx_DisableBatteryCharging), (16 bytes).
    Removing stm32g0xx_hal_pwr_ex.o(i.HAL_PWREx_DisableFlashPowerDown), (16 bytes).
    Removing stm32g0xx_hal_pwr_ex.o(i.HAL_PWREx_DisableGPIOPullDown), (80 bytes).
    Removing stm32g0xx_hal_pwr_ex.o(i.HAL_PWREx_DisableGPIOPullUp), (80 bytes).
    Removing stm32g0xx_hal_pwr_ex.o(i.HAL_PWREx_DisableInternalWakeUpLine), (16 bytes).
    Removing stm32g0xx_hal_pwr_ex.o(i.HAL_PWREx_DisableLowPowerRunMode), (64 bytes).
    Removing stm32g0xx_hal_pwr_ex.o(i.HAL_PWREx_DisablePullUpPullDownConfig), (16 bytes).
    Removing stm32g0xx_hal_pwr_ex.o(i.HAL_PWREx_EnableBatteryCharging), (24 bytes).
    Removing stm32g0xx_hal_pwr_ex.o(i.HAL_PWREx_EnableFlashPowerDown), (16 bytes).
    Removing stm32g0xx_hal_pwr_ex.o(i.HAL_PWREx_EnableGPIOPullDown), (116 bytes).
    Removing stm32g0xx_hal_pwr_ex.o(i.HAL_PWREx_EnableGPIOPullUp), (116 bytes).
    Removing stm32g0xx_hal_pwr_ex.o(i.HAL_PWREx_EnableInternalWakeUpLine), (16 bytes).
    Removing stm32g0xx_hal_pwr_ex.o(i.HAL_PWREx_EnableLowPowerRunMode), (16 bytes).
    Removing stm32g0xx_hal_pwr_ex.o(i.HAL_PWREx_EnablePullUpPullDownConfig), (16 bytes).
    Removing stm32g0xx_hal_pwr_ex.o(i.HAL_PWREx_GetVoltageRange), (16 bytes).
    Removing stm32g0xx_hal_cortex.o(.rev16_text), (4 bytes).
    Removing stm32g0xx_hal_cortex.o(.revsh_text), (4 bytes).
    Removing stm32g0xx_hal_cortex.o(i.HAL_MPU_ConfigRegion), (84 bytes).
    Removing stm32g0xx_hal_cortex.o(i.HAL_MPU_Disable), (16 bytes).
    Removing stm32g0xx_hal_cortex.o(i.HAL_MPU_Enable), (24 bytes).
    Removing stm32g0xx_hal_cortex.o(i.HAL_NVIC_ClearPendingIRQ), (24 bytes).
    Removing stm32g0xx_hal_cortex.o(i.HAL_NVIC_DisableIRQ), (32 bytes).
    Removing stm32g0xx_hal_cortex.o(i.HAL_NVIC_GetPendingIRQ), (32 bytes).
    Removing stm32g0xx_hal_cortex.o(i.HAL_NVIC_GetPriority), (52 bytes).
    Removing stm32g0xx_hal_cortex.o(i.HAL_NVIC_SetPendingIRQ), (24 bytes).
    Removing stm32g0xx_hal_cortex.o(i.HAL_NVIC_SystemReset), (28 bytes).
    Removing stm32g0xx_hal_cortex.o(i.HAL_SYSTICK_CLKSourceConfig), (24 bytes).
    Removing stm32g0xx_hal_cortex.o(i.HAL_SYSTICK_Callback), (2 bytes).
    Removing stm32g0xx_hal_cortex.o(i.HAL_SYSTICK_IRQHandler), (8 bytes).
    Removing stm32g0xx_hal.o(.rev16_text), (4 bytes).
    Removing stm32g0xx_hal.o(.revsh_text), (4 bytes).
    Removing stm32g0xx_hal.o(i.HAL_DBGMCU_DisableDBGStandbyMode), (16 bytes).
    Removing stm32g0xx_hal.o(i.HAL_DBGMCU_DisableDBGStopMode), (16 bytes).
    Removing stm32g0xx_hal.o(i.HAL_DBGMCU_EnableDBGStandbyMode), (16 bytes).
    Removing stm32g0xx_hal.o(i.HAL_DBGMCU_EnableDBGStopMode), (16 bytes).
    Removing stm32g0xx_hal.o(i.HAL_DeInit), (40 bytes).
    Removing stm32g0xx_hal.o(i.HAL_GetDEVID), (16 bytes).
    Removing stm32g0xx_hal.o(i.HAL_GetHalVersion), (8 bytes).
    Removing stm32g0xx_hal.o(i.HAL_GetREVID), (12 bytes).
    Removing stm32g0xx_hal.o(i.HAL_GetTickFreq), (12 bytes).
    Removing stm32g0xx_hal.o(i.HAL_GetTickPrio), (12 bytes).
    Removing stm32g0xx_hal.o(i.HAL_GetUIDw0), (12 bytes).
    Removing stm32g0xx_hal.o(i.HAL_GetUIDw1), (12 bytes).
    Removing stm32g0xx_hal.o(i.HAL_GetUIDw2), (12 bytes).
    Removing stm32g0xx_hal.o(i.HAL_MspDeInit), (2 bytes).
    Removing stm32g0xx_hal.o(i.HAL_MspInit), (2 bytes).
    Removing stm32g0xx_hal.o(i.HAL_SYSCFG_DisableIOAnalogSwitchBooster), (16 bytes).
    Removing stm32g0xx_hal.o(i.HAL_SYSCFG_DisableRemap), (16 bytes).
    Removing stm32g0xx_hal.o(i.HAL_SYSCFG_EnableIOAnalogSwitchBooster), (16 bytes).
    Removing stm32g0xx_hal.o(i.HAL_SYSCFG_EnableRemap), (16 bytes).
    Removing stm32g0xx_hal.o(i.HAL_SetTickFreq), (36 bytes).
    Removing stm32g0xx_hal_exti.o(.rev16_text), (4 bytes).
    Removing stm32g0xx_hal_exti.o(.revsh_text), (4 bytes).
    Removing stm32g0xx_hal_exti.o(i.HAL_EXTI_ClearConfigLine), (120 bytes).
    Removing stm32g0xx_hal_exti.o(i.HAL_EXTI_ClearPending), (40 bytes).
    Removing stm32g0xx_hal_exti.o(i.HAL_EXTI_GenerateSWI), (28 bytes).
    Removing stm32g0xx_hal_exti.o(i.HAL_EXTI_GetConfigLine), (168 bytes).
    Removing stm32g0xx_hal_exti.o(i.HAL_EXTI_GetHandle), (14 bytes).
    Removing stm32g0xx_hal_exti.o(i.HAL_EXTI_GetPending), (44 bytes).
    Removing stm32g0xx_hal_exti.o(i.HAL_EXTI_IRQHandler), (68 bytes).
    Removing stm32g0xx_hal_exti.o(i.HAL_EXTI_RegisterCallback), (30 bytes).
    Removing stm32g0xx_hal_exti.o(i.HAL_EXTI_SetConfigLine), (172 bytes).
    Removing stm32g0xx_hal_spi.o(.rev16_text), (4 bytes).
    Removing stm32g0xx_hal_spi.o(.revsh_text), (4 bytes).
    Removing stm32g0xx_hal_spi.o(i.HAL_SPI_Abort), (372 bytes).
    Removing stm32g0xx_hal_spi.o(i.HAL_SPI_AbortCpltCallback), (2 bytes).
    Removing stm32g0xx_hal_spi.o(i.HAL_SPI_Abort_IT), (308 bytes).
    Removing stm32g0xx_hal_spi.o(i.HAL_SPI_DMAPause), (34 bytes).
    Removing stm32g0xx_hal_spi.o(i.HAL_SPI_DMAResume), (34 bytes).
    Removing stm32g0xx_hal_spi.o(i.HAL_SPI_DMAStop), (72 bytes).
    Removing stm32g0xx_hal_spi.o(i.HAL_SPI_DeInit), (44 bytes).
    Removing stm32g0xx_hal_spi.o(i.HAL_SPI_GetError), (4 bytes).
    Removing stm32g0xx_hal_spi.o(i.HAL_SPI_GetState), (6 bytes).
    Removing stm32g0xx_hal_spi.o(i.HAL_SPI_MspDeInit), (2 bytes).
    Removing stm32g0xx_hal_spi.o(i.HAL_SPI_MspInit), (2 bytes).
    Removing stm32g0xx_hal_spi.o(i.HAL_SPI_Receive_DMA), (328 bytes).
    Removing stm32g0xx_hal_spi.o(i.HAL_SPI_Receive_IT), (196 bytes).
    Removing stm32g0xx_hal_spi.o(i.HAL_SPI_RxCpltCallback), (2 bytes).
    Removing stm32g0xx_hal_spi.o(i.HAL_SPI_RxHalfCpltCallback), (2 bytes).
    Removing stm32g0xx_hal_spi.o(i.HAL_SPI_TransmitReceive_DMA), (444 bytes).
    Removing stm32g0xx_hal_spi.o(i.HAL_SPI_TransmitReceive_IT), (204 bytes).
    Removing stm32g0xx_hal_spi.o(i.HAL_SPI_Transmit_DMA), (272 bytes).
    Removing stm32g0xx_hal_spi.o(i.HAL_SPI_Transmit_IT), (152 bytes).
    Removing stm32g0xx_hal_spi.o(i.HAL_SPI_TxCpltCallback), (2 bytes).
    Removing stm32g0xx_hal_spi.o(i.HAL_SPI_TxHalfCpltCallback), (2 bytes).
    Removing stm32g0xx_hal_spi.o(i.HAL_SPI_TxRxCpltCallback), (2 bytes).
    Removing stm32g0xx_hal_spi.o(i.HAL_SPI_TxRxHalfCpltCallback), (2 bytes).
    Removing stm32g0xx_hal_spi.o(i.SPI_2linesRxISR_16BIT), (54 bytes).
    Removing stm32g0xx_hal_spi.o(i.SPI_2linesRxISR_8BIT), (96 bytes).
    Removing stm32g0xx_hal_spi.o(i.SPI_2linesTxISR_16BIT), (52 bytes).
    Removing stm32g0xx_hal_spi.o(i.SPI_2linesTxISR_8BIT), (74 bytes).
    Removing stm32g0xx_hal_spi.o(i.SPI_AbortRx_ISR), (132 bytes).
    Removing stm32g0xx_hal_spi.o(i.SPI_AbortTx_ISR), (220 bytes).
    Removing stm32g0xx_hal_spi.o(i.SPI_CloseRxTx_ISR), (82 bytes).
    Removing stm32g0xx_hal_spi.o(i.SPI_CloseRx_ISR), (66 bytes).
    Removing stm32g0xx_hal_spi.o(i.SPI_CloseTx_ISR), (80 bytes).
    Removing stm32g0xx_hal_spi.o(i.SPI_DMAError), (34 bytes).
    Removing stm32g0xx_hal_spi.o(i.SPI_DMAHalfReceiveCplt), (10 bytes).
    Removing stm32g0xx_hal_spi.o(i.SPI_DMAHalfTransmitCplt), (10 bytes).
    Removing stm32g0xx_hal_spi.o(i.SPI_DMAHalfTransmitReceiveCplt), (10 bytes).
    Removing stm32g0xx_hal_spi.o(i.SPI_DMAReceiveCplt), (112 bytes).
    Removing stm32g0xx_hal_spi.o(i.SPI_DMARxAbortCallback), (134 bytes).
    Removing stm32g0xx_hal_spi.o(i.SPI_DMATransmitCplt), (104 bytes).
    Removing stm32g0xx_hal_spi.o(i.SPI_DMATransmitReceiveCplt), (94 bytes).
    Removing stm32g0xx_hal_spi.o(i.SPI_DMATxAbortCallback), (130 bytes).
    Removing stm32g0xx_hal_spi.o(i.SPI_RxISR_16BIT), (38 bytes).
    Removing stm32g0xx_hal_spi.o(i.SPI_RxISR_8BIT), (38 bytes).
    Removing stm32g0xx_hal_spi.o(i.SPI_TxISR_16BIT), (34 bytes).
    Removing stm32g0xx_hal_spi.o(i.SPI_TxISR_8BIT), (34 bytes).
    Removing stm32g0xx_hal_spi_ex.o(.rev16_text), (4 bytes).
    Removing stm32g0xx_hal_spi_ex.o(.revsh_text), (4 bytes).
    Removing stm32g0xx_hal_spi_ex.o(i.HAL_SPIEx_FlushRxFifo), (36 bytes).
    Removing stm32g0xx_hal_uart.o(.rev16_text), (4 bytes).
    Removing stm32g0xx_hal_uart.o(.revsh_text), (4 bytes).
    Removing stm32g0xx_hal_uart.o(i.HAL_HalfDuplex_EnableReceiver), (54 bytes).
    Removing stm32g0xx_hal_uart.o(i.HAL_HalfDuplex_EnableTransmitter), (54 bytes).
    Removing stm32g0xx_hal_uart.o(i.HAL_HalfDuplex_Init), (118 bytes).
    Removing stm32g0xx_hal_uart.o(i.HAL_LIN_Init), (146 bytes).
    Removing stm32g0xx_hal_uart.o(i.HAL_LIN_SendBreak), (42 bytes).
    Removing stm32g0xx_hal_uart.o(i.HAL_MultiProcessor_DisableMuteMode), (46 bytes).
    Removing stm32g0xx_hal_uart.o(i.HAL_MultiProcessor_EnableMuteMode), (46 bytes).
    Removing stm32g0xx_hal_uart.o(i.HAL_MultiProcessor_EnterMuteMode), (12 bytes).
    Removing stm32g0xx_hal_uart.o(i.HAL_MultiProcessor_Init), (144 bytes).
    Removing stm32g0xx_hal_uart.o(i.HAL_UARTEx_RxEventCallback), (2 bytes).
    Removing stm32g0xx_hal_uart.o(i.HAL_UART_Abort), (204 bytes).
    Removing stm32g0xx_hal_uart.o(i.HAL_UART_AbortCpltCallback), (2 bytes).
    Removing stm32g0xx_hal_uart.o(i.HAL_UART_AbortReceive), (136 bytes).
    Removing stm32g0xx_hal_uart.o(i.HAL_UART_AbortReceiveCpltCallback), (2 bytes).
    Removing stm32g0xx_hal_uart.o(i.HAL_UART_AbortReceive_IT), (152 bytes).
    Removing stm32g0xx_hal_uart.o(i.HAL_UART_AbortTransmit), (116 bytes).
    Removing stm32g0xx_hal_uart.o(i.HAL_UART_AbortTransmitCpltCallback), (2 bytes).
    Removing stm32g0xx_hal_uart.o(i.HAL_UART_AbortTransmit_IT), (128 bytes).
    Removing stm32g0xx_hal_uart.o(i.HAL_UART_Abort_IT), (248 bytes).
    Removing stm32g0xx_hal_uart.o(i.HAL_UART_DMAPause), (94 bytes).
    Removing stm32g0xx_hal_uart.o(i.HAL_UART_DMAResume), (86 bytes).
    Removing stm32g0xx_hal_uart.o(i.HAL_UART_DMAStop), (126 bytes).
    Removing stm32g0xx_hal_uart.o(i.HAL_UART_DeInit), (62 bytes).
    Removing stm32g0xx_hal_uart.o(i.HAL_UART_DisableReceiverTimeout), (50 bytes).
    Removing stm32g0xx_hal_uart.o(i.HAL_UART_EnableReceiverTimeout), (50 bytes).
    Removing stm32g0xx_hal_uart.o(i.HAL_UART_ErrorCallback), (2 bytes).
    Removing stm32g0xx_hal_uart.o(i.HAL_UART_GetError), (6 bytes).
    Removing stm32g0xx_hal_uart.o(i.HAL_UART_GetState), (12 bytes).
    Removing stm32g0xx_hal_uart.o(i.HAL_UART_IRQHandler), (612 bytes).
    Removing stm32g0xx_hal_uart.o(i.HAL_UART_Init), (108 bytes).
    Removing stm32g0xx_hal_uart.o(i.HAL_UART_MspDeInit), (2 bytes).
    Removing stm32g0xx_hal_uart.o(i.HAL_UART_MspInit), (2 bytes).
    Removing stm32g0xx_hal_uart.o(i.HAL_UART_Receive), (272 bytes).
    Removing stm32g0xx_hal_uart.o(i.HAL_UART_Receive_DMA), (68 bytes).
    Removing stm32g0xx_hal_uart.o(i.HAL_UART_Receive_IT), (68 bytes).
    Removing stm32g0xx_hal_uart.o(i.HAL_UART_ReceiverTimeout_Config), (14 bytes).
    Removing stm32g0xx_hal_uart.o(i.HAL_UART_RxCpltCallback), (2 bytes).
    Removing stm32g0xx_hal_uart.o(i.HAL_UART_RxHalfCpltCallback), (2 bytes).
    Removing stm32g0xx_hal_uart.o(i.HAL_UART_Transmit), (214 bytes).
    Removing stm32g0xx_hal_uart.o(i.HAL_UART_Transmit_DMA), (172 bytes).
    Removing stm32g0xx_hal_uart.o(i.HAL_UART_Transmit_IT), (172 bytes).
    Removing stm32g0xx_hal_uart.o(i.HAL_UART_TxCpltCallback), (2 bytes).
    Removing stm32g0xx_hal_uart.o(i.HAL_UART_TxHalfCpltCallback), (2 bytes).
    Removing stm32g0xx_hal_uart.o(i.UART_AdvFeatureConfig), (202 bytes).
    Removing stm32g0xx_hal_uart.o(i.UART_CheckIdleState), (100 bytes).
    Removing stm32g0xx_hal_uart.o(i.UART_DMAAbortOnError), (20 bytes).
    Removing stm32g0xx_hal_uart.o(i.UART_DMAError), (78 bytes).
    Removing stm32g0xx_hal_uart.o(i.UART_DMAReceiveCplt), (96 bytes).
    Removing stm32g0xx_hal_uart.o(i.UART_DMARxAbortCallback), (64 bytes).
    Removing stm32g0xx_hal_uart.o(i.UART_DMARxHalfCplt), (28 bytes).
    Removing stm32g0xx_hal_uart.o(i.UART_DMARxOnlyAbortCallback), (40 bytes).
    Removing stm32g0xx_hal_uart.o(i.UART_DMATransmitCplt), (48 bytes).
    Removing stm32g0xx_hal_uart.o(i.UART_DMATxAbortCallback), (74 bytes).
    Removing stm32g0xx_hal_uart.o(i.UART_DMATxHalfCplt), (10 bytes).
    Removing stm32g0xx_hal_uart.o(i.UART_DMATxOnlyAbortCallback), (42 bytes).
    Removing stm32g0xx_hal_uart.o(i.UART_EndRxTransfer), (56 bytes).
    Removing stm32g0xx_hal_uart.o(i.UART_EndTxTransfer), (30 bytes).
    Removing stm32g0xx_hal_uart.o(i.UART_RxISR_16BIT), (124 bytes).
    Removing stm32g0xx_hal_uart.o(i.UART_RxISR_16BIT_FIFOEN), (300 bytes).
    Removing stm32g0xx_hal_uart.o(i.UART_RxISR_8BIT), (124 bytes).
    Removing stm32g0xx_hal_uart.o(i.UART_RxISR_8BIT_FIFOEN), (300 bytes).
    Removing stm32g0xx_hal_uart.o(i.UART_SetConfig), (416 bytes).
    Removing stm32g0xx_hal_uart.o(i.UART_Start_Receive_DMA), (132 bytes).
    Removing stm32g0xx_hal_uart.o(i.UART_Start_Receive_IT), (224 bytes).
    Removing stm32g0xx_hal_uart.o(i.UART_TxISR_16BIT), (66 bytes).
    Removing stm32g0xx_hal_uart.o(i.UART_TxISR_16BIT_FIFOEN), (88 bytes).
    Removing stm32g0xx_hal_uart.o(i.UART_TxISR_8BIT), (62 bytes).
    Removing stm32g0xx_hal_uart.o(i.UART_TxISR_8BIT_FIFOEN), (84 bytes).
    Removing stm32g0xx_hal_uart.o(i.UART_WaitOnFlagUntilTimeout), (154 bytes).
    Removing stm32g0xx_hal_uart.o(.constdata), (24 bytes).
    Removing stm32g0xx_hal_uart_ex.o(.rev16_text), (4 bytes).
    Removing stm32g0xx_hal_uart_ex.o(.revsh_text), (4 bytes).
    Removing stm32g0xx_hal_uart_ex.o(i.HAL_MultiProcessorEx_AddressLength_Set), (54 bytes).
    Removing stm32g0xx_hal_uart_ex.o(i.HAL_RS485Ex_Init), (144 bytes).
    Removing stm32g0xx_hal_uart_ex.o(i.HAL_UARTEx_DisableFifoMode), (60 bytes).
    Removing stm32g0xx_hal_uart_ex.o(i.HAL_UARTEx_DisableStopMode), (34 bytes).
    Removing stm32g0xx_hal_uart_ex.o(i.HAL_UARTEx_EnableFifoMode), (62 bytes).
    Removing stm32g0xx_hal_uart_ex.o(i.HAL_UARTEx_EnableStopMode), (34 bytes).
    Removing stm32g0xx_hal_uart_ex.o(i.HAL_UARTEx_ReceiveToIdle), (332 bytes).
    Removing stm32g0xx_hal_uart_ex.o(i.HAL_UARTEx_ReceiveToIdle_DMA), (92 bytes).
    Removing stm32g0xx_hal_uart_ex.o(i.HAL_UARTEx_ReceiveToIdle_IT), (92 bytes).
    Removing stm32g0xx_hal_uart_ex.o(i.HAL_UARTEx_RxFifoFullCallback), (2 bytes).
    Removing stm32g0xx_hal_uart_ex.o(i.HAL_UARTEx_SetRxFifoThreshold), (72 bytes).
    Removing stm32g0xx_hal_uart_ex.o(i.HAL_UARTEx_SetTxFifoThreshold), (70 bytes).
    Removing stm32g0xx_hal_uart_ex.o(i.HAL_UARTEx_StopModeWakeUpSourceConfig), (152 bytes).
    Removing stm32g0xx_hal_uart_ex.o(i.HAL_UARTEx_TxFifoEmptyCallback), (2 bytes).
    Removing stm32g0xx_hal_uart_ex.o(i.HAL_UARTEx_WakeupCallback), (2 bytes).
    Removing stm32g0xx_hal_uart_ex.o(i.UARTEx_SetNbDataToProcess), (96 bytes).
    Removing stm32g0xx_hal_usart.o(.rev16_text), (4 bytes).
    Removing stm32g0xx_hal_usart.o(.revsh_text), (4 bytes).
    Removing stm32g0xx_hal_usart.o(i.HAL_USART_Abort), (180 bytes).
    Removing stm32g0xx_hal_usart.o(i.HAL_USART_AbortCpltCallback), (2 bytes).
    Removing stm32g0xx_hal_usart.o(i.HAL_USART_Abort_IT), (224 bytes).
    Removing stm32g0xx_hal_usart.o(i.HAL_USART_DMAPause), (112 bytes).
    Removing stm32g0xx_hal_usart.o(i.HAL_USART_DMAResume), (90 bytes).
    Removing stm32g0xx_hal_usart.o(i.HAL_USART_DMAStop), (96 bytes).
    Removing stm32g0xx_hal_usart.o(i.HAL_USART_DeInit), (48 bytes).
    Removing stm32g0xx_hal_usart.o(i.HAL_USART_ErrorCallback), (2 bytes).
    Removing stm32g0xx_hal_usart.o(i.HAL_USART_GetError), (4 bytes).
    Removing stm32g0xx_hal_usart.o(i.HAL_USART_GetState), (6 bytes).
    Removing stm32g0xx_hal_usart.o(i.HAL_USART_IRQHandler), (476 bytes).
    Removing stm32g0xx_hal_usart.o(i.HAL_USART_Init), (178 bytes).
    Removing stm32g0xx_hal_usart.o(i.HAL_USART_MspDeInit), (2 bytes).
    Removing stm32g0xx_hal_usart.o(i.HAL_USART_MspInit), (2 bytes).
    Removing stm32g0xx_hal_usart.o(i.HAL_USART_Receive), (304 bytes).
    Removing stm32g0xx_hal_usart.o(i.HAL_USART_Receive_DMA), (240 bytes).
    Removing stm32g0xx_hal_usart.o(i.HAL_USART_Receive_IT), (304 bytes).
    Removing stm32g0xx_hal_usart.o(i.HAL_USART_RxCpltCallback), (2 bytes).
    Removing stm32g0xx_hal_usart.o(i.HAL_USART_RxHalfCpltCallback), (2 bytes).
    Removing stm32g0xx_hal_usart.o(i.HAL_USART_Transmit), (226 bytes).
    Removing stm32g0xx_hal_usart.o(i.HAL_USART_TransmitReceive), (432 bytes).
    Removing stm32g0xx_hal_usart.o(i.HAL_USART_TransmitReceive_DMA), (268 bytes).
    Removing stm32g0xx_hal_usart.o(i.HAL_USART_TransmitReceive_IT), (324 bytes).
    Removing stm32g0xx_hal_usart.o(i.HAL_USART_Transmit_DMA), (164 bytes).
    Removing stm32g0xx_hal_usart.o(i.HAL_USART_Transmit_IT), (168 bytes).
    Removing stm32g0xx_hal_usart.o(i.HAL_USART_TxCpltCallback), (2 bytes).
    Removing stm32g0xx_hal_usart.o(i.HAL_USART_TxHalfCpltCallback), (2 bytes).
    Removing stm32g0xx_hal_usart.o(i.HAL_USART_TxRxCpltCallback), (2 bytes).
    Removing stm32g0xx_hal_usart.o(i.USART_DMAAbortOnError), (16 bytes).
    Removing stm32g0xx_hal_usart.o(i.USART_DMAError), (38 bytes).
    Removing stm32g0xx_hal_usart.o(i.USART_DMAReceiveCplt), (108 bytes).
    Removing stm32g0xx_hal_usart.o(i.USART_DMARxAbortCallback), (46 bytes).
    Removing stm32g0xx_hal_usart.o(i.USART_DMARxHalfCplt), (10 bytes).
    Removing stm32g0xx_hal_usart.o(i.USART_DMATransmitCplt), (62 bytes).
    Removing stm32g0xx_hal_usart.o(i.USART_DMATxAbortCallback), (46 bytes).
    Removing stm32g0xx_hal_usart.o(i.USART_DMATxHalfCplt), (10 bytes).
    Removing stm32g0xx_hal_usart.o(i.USART_EndTransfer), (36 bytes).
    Removing stm32g0xx_hal_usart.o(i.USART_RxISR_16BIT), (158 bytes).
    Removing stm32g0xx_hal_usart.o(i.USART_RxISR_16BIT_FIFOEN), (280 bytes).
    Removing stm32g0xx_hal_usart.o(i.USART_RxISR_8BIT), (158 bytes).
    Removing stm32g0xx_hal_usart.o(i.USART_RxISR_8BIT_FIFOEN), (280 bytes).
    Removing stm32g0xx_hal_usart.o(i.USART_SetConfig), (516 bytes).
    Removing stm32g0xx_hal_usart.o(i.USART_TxISR_16BIT), (66 bytes).
    Removing stm32g0xx_hal_usart.o(i.USART_TxISR_16BIT_FIFOEN), (88 bytes).
    Removing stm32g0xx_hal_usart.o(i.USART_TxISR_8BIT), (62 bytes).
    Removing stm32g0xx_hal_usart.o(i.USART_TxISR_8BIT_FIFOEN), (84 bytes).
    Removing stm32g0xx_hal_usart.o(i.USART_WaitOnFlagUntilTimeout), (72 bytes).
    Removing stm32g0xx_hal_usart_ex.o(.rev16_text), (4 bytes).
    Removing stm32g0xx_hal_usart_ex.o(.revsh_text), (4 bytes).
    Removing stm32g0xx_hal_usart_ex.o(i.HAL_USARTEx_ConfigNSS), (58 bytes).
    Removing stm32g0xx_hal_usart_ex.o(i.HAL_USARTEx_DisableFifoMode), (54 bytes).
    Removing stm32g0xx_hal_usart_ex.o(i.HAL_USARTEx_DisableSlaveMode), (58 bytes).
    Removing stm32g0xx_hal_usart_ex.o(i.HAL_USARTEx_EnableFifoMode), (56 bytes).
    Removing stm32g0xx_hal_usart_ex.o(i.HAL_USARTEx_EnableSlaveMode), (86 bytes).
    Removing stm32g0xx_hal_usart_ex.o(i.HAL_USARTEx_RxFifoFullCallback), (2 bytes).
    Removing stm32g0xx_hal_usart_ex.o(i.HAL_USARTEx_SetRxFifoThreshold), (68 bytes).
    Removing stm32g0xx_hal_usart_ex.o(i.HAL_USARTEx_SetTxFifoThreshold), (66 bytes).
    Removing stm32g0xx_hal_usart_ex.o(i.HAL_USARTEx_TxFifoEmptyCallback), (2 bytes).
    Removing stm32g0xx_hal_usart_ex.o(i.USARTEx_SetNbDataToProcess), (96 bytes).
    Removing system_stm32g0xx.o(.rev16_text), (4 bytes).
    Removing system_stm32g0xx.o(.revsh_text), (4 bytes).
    Removing system_stm32g0xx.o(i.SystemCoreClockUpdate), (144 bytes).
    Removing system_stm32g0xx.o(.constdata), (32 bytes).
    Removing sdk.o(.rev16_text), (4 bytes).
    Removing sdk.o(.revsh_text), (4 bytes).
    Removing sdk.o(i.Flash_BlockToPage), (20 bytes).
    Removing sdk.o(i.Flash_EraseChip), (80 bytes).
    Removing sdk.o(i.Flash_EraseSector), (132 bytes).
    Removing sdk.o(i.Flash_IsEmptyBlock), (308 bytes).
    Removing sdk.o(i.Flash_IsEmptyPage), (320 bytes).
    Removing sdk.o(i.Flash_IsEmptySector), (308 bytes).
    Removing sdk.o(i.Flash_PageToBlock), (20 bytes).
    Removing sdk.o(i.Flash_PageToSector), (20 bytes).
    Removing sdk.o(i.Flash_ReadBlock), (96 bytes).
    Removing sdk.o(i.Flash_ReadByte), (124 bytes).
    Removing sdk.o(i.Flash_ReadPage), (168 bytes).
    Removing sdk.o(i.Flash_ReadSector), (96 bytes).
    Removing sdk.o(i.Flash_SectorToBlock), (20 bytes).
    Removing sdk.o(i.Flash_SectorToPage), (20 bytes).
    Removing sdk.o(i.Flash_WriteBlock), (96 bytes).
    Removing sdk.o(i.Flash_WriteByte), (128 bytes).
    Removing sdk.o(i.Flash_WriteDisable), (44 bytes).
    Removing sdk.o(i.Flash_WritePage), (176 bytes).
    Removing sdk.o(i.Flash_WriteSector), (96 bytes).
    Removing sdk.o(i.Flash_WriteStatusRegister), (84 bytes).
    Removing sdk.o(i.HAL_SPI_MspDeInit), (100 bytes).
    Removing sdk.o(i.HAL_TIM_Base_MspDeInit), (36 bytes).
    Removing sdk.o(i.HAL_TIM_PWM_MspDeInit), (28 bytes).
    Removing sdk.o(i.LCD_write), (22 bytes).
    Removing sdk.o(i.TIM_IntDisable), (8 bytes).
    Removing sdk.o(i.TIM_IntEnable), (8 bytes).
    Removing sdk.o(i.TIM_SetTimer), (12 bytes).
    Removing sdk.o(i.TIM_TurnOff), (8 bytes).
    Removing sdk.o(i.TIM_TurnOn), (8 bytes).
    Removing sdk.o(i.TM_CreateIntTimer), (16 bytes).
    Removing sdk.o(i.TM_FreeTimer), (200 bytes).
    Removing sdk.o(i.TM_GetTimerState), (36 bytes).
    Removing sdk.o(i.TM_Stop), (8 bytes).
    Removing sdk.o(i.TM_StopTimer), (176 bytes).

553 unused section(s) (total 45640 bytes) removed from the image.

==============================================================================

Image Symbol Table

    Local Symbols

    Symbol Name                              Value     Ov Type        Size  Object(Section)

    ../Core/Src/main.c                       0x00000000   Number         0  main.o ABSOLUTE
    ../Core/Src/stm32g0xx_hal_msp.c          0x00000000   Number         0  stm32g0xx_hal_msp.o ABSOLUTE
    ../Core/Src/stm32g0xx_it.c               0x00000000   Number         0  stm32g0xx_it.o ABSOLUTE
    ../Core/Src/system_stm32g0xx.c           0x00000000   Number         0  system_stm32g0xx.o ABSOLUTE
    ../Drivers/STM32G0xx_HAL_Driver/Src/stm32g0xx_hal.c 0x00000000   Number         0  stm32g0xx_hal.o ABSOLUTE
    ../Drivers/STM32G0xx_HAL_Driver/Src/stm32g0xx_hal_cortex.c 0x00000000   Number         0  stm32g0xx_hal_cortex.o ABSOLUTE
    ../Drivers/STM32G0xx_HAL_Driver/Src/stm32g0xx_hal_dma.c 0x00000000   Number         0  stm32g0xx_hal_dma.o ABSOLUTE
    ../Drivers/STM32G0xx_HAL_Driver/Src/stm32g0xx_hal_dma_ex.c 0x00000000   Number         0  stm32g0xx_hal_dma_ex.o ABSOLUTE
    ../Drivers/STM32G0xx_HAL_Driver/Src/stm32g0xx_hal_exti.c 0x00000000   Number         0  stm32g0xx_hal_exti.o ABSOLUTE
    ../Drivers/STM32G0xx_HAL_Driver/Src/stm32g0xx_hal_flash.c 0x00000000   Number         0  stm32g0xx_hal_flash.o ABSOLUTE
    ../Drivers/STM32G0xx_HAL_Driver/Src/stm32g0xx_hal_flash_ex.c 0x00000000   Number         0  stm32g0xx_hal_flash_ex.o ABSOLUTE
    ../Drivers/STM32G0xx_HAL_Driver/Src/stm32g0xx_hal_gpio.c 0x00000000   Number         0  stm32g0xx_hal_gpio.o ABSOLUTE
    ../Drivers/STM32G0xx_HAL_Driver/Src/stm32g0xx_hal_pwr.c 0x00000000   Number         0  stm32g0xx_hal_pwr.o ABSOLUTE
    ../Drivers/STM32G0xx_HAL_Driver/Src/stm32g0xx_hal_pwr_ex.c 0x00000000   Number         0  stm32g0xx_hal_pwr_ex.o ABSOLUTE
    ../Drivers/STM32G0xx_HAL_Driver/Src/stm32g0xx_hal_rcc.c 0x00000000   Number         0  stm32g0xx_hal_rcc.o ABSOLUTE
    ../Drivers/STM32G0xx_HAL_Driver/Src/stm32g0xx_hal_rcc_ex.c 0x00000000   Number         0  stm32g0xx_hal_rcc_ex.o ABSOLUTE
    ../Drivers/STM32G0xx_HAL_Driver/Src/stm32g0xx_hal_tim.c 0x00000000   Number         0  stm32g0xx_hal_tim.o ABSOLUTE
    ../Drivers/STM32G0xx_HAL_Driver/Src/stm32g0xx_hal_tim_ex.c 0x00000000   Number         0  stm32g0xx_hal_tim_ex.o ABSOLUTE
    ../Drivers/STM32G0xx_HAL_Driver/Src/stm32g0xx_ll_dma.c 0x00000000   Number         0  stm32g0xx_ll_dma.o ABSOLUTE
    ../Drivers/STM32G0xx_HAL_Driver/Src/stm32g0xx_ll_rcc.c 0x00000000   Number         0  stm32g0xx_ll_rcc.o ABSOLUTE
    ../clib/microlib/division.c              0x00000000   Number         0  uidiv.o ABSOLUTE
    ../clib/microlib/init/entry.s            0x00000000   Number         0  entry9a.o ABSOLUTE
    ../clib/microlib/init/entry.s            0x00000000   Number         0  entry.o ABSOLUTE
    ../clib/microlib/init/entry.s            0x00000000   Number         0  entry11b.o ABSOLUTE
    ../clib/microlib/init/entry.s            0x00000000   Number         0  entry11a.o ABSOLUTE
    ../clib/microlib/init/entry.s            0x00000000   Number         0  entry10b.o ABSOLUTE
    ../clib/microlib/init/entry.s            0x00000000   Number         0  entry10a.o ABSOLUTE
    ../clib/microlib/init/entry.s            0x00000000   Number         0  entry9b.o ABSOLUTE
    ../clib/microlib/init/entry.s            0x00000000   Number         0  entry8b.o ABSOLUTE
    ../clib/microlib/init/entry.s            0x00000000   Number         0  entry8a.o ABSOLUTE
    ../clib/microlib/init/entry.s            0x00000000   Number         0  entry7b.o ABSOLUTE
    ../clib/microlib/init/entry.s            0x00000000   Number         0  entry7a.o ABSOLUTE
    ../clib/microlib/init/entry.s            0x00000000   Number         0  entry5.o ABSOLUTE
    ../clib/microlib/init/entry.s            0x00000000   Number         0  entry2.o ABSOLUTE
    ../clib/microlib/string/memset.c         0x00000000   Number         0  memseta.o ABSOLUTE
    ..\Core\Src\SDK.c                        0x00000000   Number         0  sdk.o ABSOLUTE
    ..\Core\Src\main.c                       0x00000000   Number         0  main.o ABSOLUTE
    ..\Core\Src\stm32g0xx_hal_msp.c          0x00000000   Number         0  stm32g0xx_hal_msp.o ABSOLUTE
    ..\Core\Src\stm32g0xx_it.c               0x00000000   Number         0  stm32g0xx_it.o ABSOLUTE
    ..\Core\Src\system_stm32g0xx.c           0x00000000   Number         0  system_stm32g0xx.o ABSOLUTE
    ..\Drivers\STM32G0xx_HAL_Driver\Src\stm32g0xx_hal.c 0x00000000   Number         0  stm32g0xx_hal.o ABSOLUTE
    ..\Drivers\STM32G0xx_HAL_Driver\Src\stm32g0xx_hal_cortex.c 0x00000000   Number         0  stm32g0xx_hal_cortex.o ABSOLUTE
    ..\Drivers\STM32G0xx_HAL_Driver\Src\stm32g0xx_hal_dma.c 0x00000000   Number         0  stm32g0xx_hal_dma.o ABSOLUTE
    ..\Drivers\STM32G0xx_HAL_Driver\Src\stm32g0xx_hal_dma_ex.c 0x00000000   Number         0  stm32g0xx_hal_dma_ex.o ABSOLUTE
    ..\Drivers\STM32G0xx_HAL_Driver\Src\stm32g0xx_hal_exti.c 0x00000000   Number         0  stm32g0xx_hal_exti.o ABSOLUTE
    ..\Drivers\STM32G0xx_HAL_Driver\Src\stm32g0xx_hal_flash.c 0x00000000   Number         0  stm32g0xx_hal_flash.o ABSOLUTE
    ..\Drivers\STM32G0xx_HAL_Driver\Src\stm32g0xx_hal_flash_ex.c 0x00000000   Number         0  stm32g0xx_hal_flash_ex.o ABSOLUTE
    ..\Drivers\STM32G0xx_HAL_Driver\Src\stm32g0xx_hal_gpio.c 0x00000000   Number         0  stm32g0xx_hal_gpio.o ABSOLUTE
    ..\Drivers\STM32G0xx_HAL_Driver\Src\stm32g0xx_hal_pwr.c 0x00000000   Number         0  stm32g0xx_hal_pwr.o ABSOLUTE
    ..\Drivers\STM32G0xx_HAL_Driver\Src\stm32g0xx_hal_pwr_ex.c 0x00000000   Number         0  stm32g0xx_hal_pwr_ex.o ABSOLUTE
    ..\Drivers\STM32G0xx_HAL_Driver\Src\stm32g0xx_hal_rcc.c 0x00000000   Number         0  stm32g0xx_hal_rcc.o ABSOLUTE
    ..\Drivers\STM32G0xx_HAL_Driver\Src\stm32g0xx_hal_rcc_ex.c 0x00000000   Number         0  stm32g0xx_hal_rcc_ex.o ABSOLUTE
    ..\Drivers\STM32G0xx_HAL_Driver\Src\stm32g0xx_hal_spi.c 0x00000000   Number         0  stm32g0xx_hal_spi.o ABSOLUTE
    ..\Drivers\STM32G0xx_HAL_Driver\Src\stm32g0xx_hal_spi_ex.c 0x00000000   Number         0  stm32g0xx_hal_spi_ex.o ABSOLUTE
    ..\Drivers\STM32G0xx_HAL_Driver\Src\stm32g0xx_hal_tim.c 0x00000000   Number         0  stm32g0xx_hal_tim.o ABSOLUTE
    ..\Drivers\STM32G0xx_HAL_Driver\Src\stm32g0xx_hal_tim_ex.c 0x00000000   Number         0  stm32g0xx_hal_tim_ex.o ABSOLUTE
    ..\Drivers\STM32G0xx_HAL_Driver\Src\stm32g0xx_hal_uart.c 0x00000000   Number         0  stm32g0xx_hal_uart.o ABSOLUTE
    ..\Drivers\STM32G0xx_HAL_Driver\Src\stm32g0xx_hal_uart_ex.c 0x00000000   Number         0  stm32g0xx_hal_uart_ex.o ABSOLUTE
    ..\Drivers\STM32G0xx_HAL_Driver\Src\stm32g0xx_hal_usart.c 0x00000000   Number         0  stm32g0xx_hal_usart.o ABSOLUTE
    ..\Drivers\STM32G0xx_HAL_Driver\Src\stm32g0xx_hal_usart_ex.c 0x00000000   Number         0  stm32g0xx_hal_usart_ex.o ABSOLUTE
    ..\\Core\\Src\\SDK.c                     0x00000000   Number         0  sdk.o ABSOLUTE
    ..\\Drivers\\STM32G0xx_HAL_Driver\\Src\\stm32g0xx_hal_spi.c 0x00000000   Number         0  stm32g0xx_hal_spi.o ABSOLUTE
    ..\\Drivers\\STM32G0xx_HAL_Driver\\Src\\stm32g0xx_hal_spi_ex.c 0x00000000   Number         0  stm32g0xx_hal_spi_ex.o ABSOLUTE
    ..\\Drivers\\STM32G0xx_HAL_Driver\\Src\\stm32g0xx_hal_uart.c 0x00000000   Number         0  stm32g0xx_hal_uart.o ABSOLUTE
    ..\\Drivers\\STM32G0xx_HAL_Driver\\Src\\stm32g0xx_hal_uart_ex.c 0x00000000   Number         0  stm32g0xx_hal_uart_ex.o ABSOLUTE
    ..\\Drivers\\STM32G0xx_HAL_Driver\\Src\\stm32g0xx_hal_usart.c 0x00000000   Number         0  stm32g0xx_hal_usart.o ABSOLUTE
    ..\\Drivers\\STM32G0xx_HAL_Driver\\Src\\stm32g0xx_hal_usart_ex.c 0x00000000   Number         0  stm32g0xx_hal_usart_ex.o ABSOLUTE
    dc.s                                     0x00000000   Number         0  dc.o ABSOLUTE
    handlers.s                               0x00000000   Number         0  handlers.o ABSOLUTE
    init.s                                   0x00000000   Number         0  init.o ABSOLUTE
    startup_stm32g070xx.s                    0x00000000   Number         0  startup_stm32g070xx.o ABSOLUTE
    RESET                                    0x08000000   Section      184  startup_stm32g070xx.o(RESET)
    .ARM.Collect$$$$00000000                 0x080000b8   Section        0  entry.o(.ARM.Collect$$$$00000000)
    .ARM.Collect$$$$00000001                 0x080000b8   Section        4  entry2.o(.ARM.Collect$$$$00000001)
    .ARM.Collect$$$$00000004                 0x080000bc   Section        4  entry5.o(.ARM.Collect$$$$00000004)
    .ARM.Collect$$$$00000008                 0x080000c0   Section        0  entry7b.o(.ARM.Collect$$$$00000008)
    .ARM.Collect$$$$0000000A                 0x080000c0   Section        0  entry8b.o(.ARM.Collect$$$$0000000A)
    .ARM.Collect$$$$0000000B                 0x080000c0   Section        8  entry9a.o(.ARM.Collect$$$$0000000B)
    .ARM.Collect$$$$0000000D                 0x080000c8   Section        0  entry10a.o(.ARM.Collect$$$$0000000D)
    .ARM.Collect$$$$0000000F                 0x080000c8   Section        0  entry11a.o(.ARM.Collect$$$$0000000F)
    .ARM.Collect$$$$00002712                 0x080000c8   Section        4  entry2.o(.ARM.Collect$$$$00002712)
    __lit__00000000                          0x080000c8   Data           4  entry2.o(.ARM.Collect$$$$00002712)
    .text                                    0x080000cc   Section       28  startup_stm32g070xx.o(.text)
    .text                                    0x080000e8   Section        0  uidiv.o(.text)
    .text                                    0x08000114   Section        0  memseta.o(.text)
    .text                                    0x08000138   Section       36  init.o(.text)
    i.AirConditionerParm                     0x0800015c   Section        0  main.o(i.AirConditionerParm)
    i.AllocTimer                             0x08000168   Section        0  sdk.o(i.AllocTimer)
    AllocTimer                               0x08000169   Thumb Code   134  sdk.o(i.AllocTimer)
    i.AudioParm                              0x080001f8   Section        0  main.o(i.AudioParm)
    i.BURNIMG                                0x0800027c   Section        0  main.o(i.BURNIMG)
    i.BrightnessParm                         0x08000298   Section        0  main.o(i.BrightnessParm)
    i.DisplayInit                            0x080002b4   Section        0  main.o(i.DisplayInit)
    i.Encode_TimeProcess                     0x080002d8   Section        0  sdk.o(i.Encode_TimeProcess)
    i.Encoder2Index                          0x0800032c   Section        0  sdk.o(i.Encoder2Index)
    i.Encoder_Init                           0x08000360   Section        0  sdk.o(i.Encoder_Init)
    i.Enocde_Process                         0x080003f4   Section        0  sdk.o(i.Enocde_Process)
    i.FanParm                                0x08000444   Section        0  main.o(i.FanParm)
    i.Flash_EraseBlock                       0x0800050c   Section        0  sdk.o(i.Flash_EraseBlock)
    i.Flash_Init                             0x08000590   Section        0  sdk.o(i.Flash_Init)
    i.Flash_ReadBytes                        0x0800067c   Section        0  sdk.o(i.Flash_ReadBytes)
    i.Flash_ReadID                           0x08000708   Section        0  sdk.o(i.Flash_ReadID)
    i.Flash_ReadStatusRegister               0x0800074c   Section        0  sdk.o(i.Flash_ReadStatusRegister)
    i.Flash_ReadUniqID                       0x080007b0   Section        0  sdk.o(i.Flash_ReadUniqID)
    i.Flash_Spi                              0x08000800   Section        0  sdk.o(i.Flash_Spi)
    i.Flash_WaitForWriteEnd                  0x08000820   Section        0  sdk.o(i.Flash_WaitForWriteEnd)
    i.Flash_Write                            0x08000864   Section        0  sdk.o(i.Flash_Write)
    i.Flash_WriteEnable                      0x080008e0   Section        0  sdk.o(i.Flash_WriteEnable)
    i.HAL_DMA_Abort_IT                       0x0800090c   Section        0  stm32g0xx_hal_dma.o(i.HAL_DMA_Abort_IT)
    i.HAL_Delay                              0x08000988   Section        0  stm32g0xx_hal.o(i.HAL_Delay)
    i.HAL_GPIO_Init                          0x080009ac   Section        0  stm32g0xx_hal_gpio.o(i.HAL_GPIO_Init)
    i.HAL_GPIO_ReadPin                       0x08000af0   Section        0  stm32g0xx_hal_gpio.o(i.HAL_GPIO_ReadPin)
    i.HAL_GPIO_WritePin                      0x08000afa   Section        0  stm32g0xx_hal_gpio.o(i.HAL_GPIO_WritePin)
    i.HAL_GetTick                            0x08000b08   Section        0  stm32g0xx_hal.o(i.HAL_GetTick)
    i.HAL_IncTick                            0x08000b14   Section        0  stm32g0xx_hal.o(i.HAL_IncTick)
    i.HAL_Init                               0x08000b24   Section        0  stm32g0xx_hal.o(i.HAL_Init)
    i.HAL_InitTick                           0x08000b4c   Section        0  stm32g0xx_hal.o(i.HAL_InitTick)
    i.HAL_MspInit                            0x08000b94   Section        0  stm32g0xx_hal_msp.o(i.HAL_MspInit)
    i.HAL_NVIC_EnableIRQ                     0x08000bc8   Section        0  stm32g0xx_hal_cortex.o(i.HAL_NVIC_EnableIRQ)
    i.HAL_NVIC_SetPriority                   0x08000be0   Section        0  stm32g0xx_hal_cortex.o(i.HAL_NVIC_SetPriority)
    i.HAL_PWREx_ControlVoltageScaling        0x08000be8   Section        0  stm32g0xx_hal_pwr_ex.o(i.HAL_PWREx_ControlVoltageScaling)
    i.HAL_RCC_ClockConfig                    0x08000c34   Section        0  stm32g0xx_hal_rcc.o(i.HAL_RCC_ClockConfig)
    i.HAL_RCC_GetSysClockFreq                0x08000d8c   Section        0  stm32g0xx_hal_rcc.o(i.HAL_RCC_GetSysClockFreq)
    i.HAL_RCC_OscConfig                      0x08000e18   Section        0  stm32g0xx_hal_rcc.o(i.HAL_RCC_OscConfig)
    i.HAL_ResumeTick                         0x080011f0   Section        0  stm32g0xx_hal.o(i.HAL_ResumeTick)
    i.HAL_SPI_ErrorCallback                  0x08001200   Section        0  stm32g0xx_hal_spi.o(i.HAL_SPI_ErrorCallback)
    i.HAL_SPI_IRQHandler                     0x08001204   Section        0  stm32g0xx_hal_spi.o(i.HAL_SPI_IRQHandler)
    i.HAL_SPI_Init                           0x080012fc   Section        0  stm32g0xx_hal_spi.o(i.HAL_SPI_Init)
    i.HAL_SPI_MspInit                        0x080013ec   Section        0  sdk.o(i.HAL_SPI_MspInit)
    i.HAL_SPI_Receive                        0x080014b4   Section        0  stm32g0xx_hal_spi.o(i.HAL_SPI_Receive)
    i.HAL_SPI_Transmit                       0x08001620   Section        0  stm32g0xx_hal_spi.o(i.HAL_SPI_Transmit)
    i.HAL_SPI_TransmitReceive                0x08001784   Section        0  stm32g0xx_hal_spi.o(i.HAL_SPI_TransmitReceive)
    i.HAL_SYSCFG_StrobeDBattpinsConfig       0x08001974   Section        0  stm32g0xx_hal.o(i.HAL_SYSCFG_StrobeDBattpinsConfig)
    i.HAL_SYSTICK_Config                     0x08001988   Section        0  stm32g0xx_hal_cortex.o(i.HAL_SYSTICK_Config)
    i.HAL_SuspendTick                        0x080019b8   Section        0  stm32g0xx_hal.o(i.HAL_SuspendTick)
    i.HAL_TIMEx_Break2Callback               0x080019c8   Section        0  stm32g0xx_hal_tim_ex.o(i.HAL_TIMEx_Break2Callback)
    i.HAL_TIMEx_BreakCallback                0x080019ca   Section        0  stm32g0xx_hal_tim_ex.o(i.HAL_TIMEx_BreakCallback)
    i.HAL_TIMEx_CommutCallback               0x080019cc   Section        0  stm32g0xx_hal_tim_ex.o(i.HAL_TIMEx_CommutCallback)
    i.HAL_TIM_Base_Init                      0x080019ce   Section        0  stm32g0xx_hal_tim.o(i.HAL_TIM_Base_Init)
    i.HAL_TIM_Base_MspInit                   0x08001a1c   Section        0  sdk.o(i.HAL_TIM_Base_MspInit)
    i.HAL_TIM_Base_Start_IT                  0x08001a50   Section        0  stm32g0xx_hal_tim.o(i.HAL_TIM_Base_Start_IT)
    i.HAL_TIM_ConfigClockSource              0x08001aac   Section        0  stm32g0xx_hal_tim.o(i.HAL_TIM_ConfigClockSource)
    i.HAL_TIM_IC_CaptureCallback             0x08001b80   Section        0  stm32g0xx_hal_tim.o(i.HAL_TIM_IC_CaptureCallback)
    i.HAL_TIM_IRQHandler                     0x08001b84   Section        0  stm32g0xx_hal_tim.o(i.HAL_TIM_IRQHandler)
    i.HAL_TIM_OC_DelayElapsedCallback        0x08001d08   Section        0  stm32g0xx_hal_tim.o(i.HAL_TIM_OC_DelayElapsedCallback)
    i.HAL_TIM_PWM_ConfigChannel              0x08001d0a   Section        0  stm32g0xx_hal_tim.o(i.HAL_TIM_PWM_ConfigChannel)
    i.HAL_TIM_PWM_Init                       0x08001e28   Section        0  stm32g0xx_hal_tim.o(i.HAL_TIM_PWM_Init)
    i.HAL_TIM_PWM_MspInit                    0x08001e74   Section        0  sdk.o(i.HAL_TIM_PWM_MspInit)
    i.HAL_TIM_PWM_PulseFinishedCallback      0x08001ec8   Section        0  stm32g0xx_hal_tim.o(i.HAL_TIM_PWM_PulseFinishedCallback)
    i.HAL_TIM_PWM_Start                      0x08001ecc   Section        0  stm32g0xx_hal_tim.o(i.HAL_TIM_PWM_Start)
    i.HAL_TIM_PWM_Stop                       0x08001fa4   Section        0  stm32g0xx_hal_tim.o(i.HAL_TIM_PWM_Stop)
    i.HAL_TIM_PeriodElapsedCallback          0x08002048   Section        0  stm32g0xx_hal_tim.o(i.HAL_TIM_PeriodElapsedCallback)
    i.HAL_TIM_TriggerCallback                0x0800204a   Section        0  stm32g0xx_hal_tim.o(i.HAL_TIM_TriggerCallback)
    i.HardFault_Handler                      0x0800204c   Section        0  stm32g0xx_it.o(i.HardFault_Handler)
    i.IndexAdd                               0x0800204e   Section        0  sdk.o(i.IndexAdd)
    i.IndexSub                               0x08002068   Section        0  sdk.o(i.IndexSub)
    i.LCD_BrightnessInit                     0x08002084   Section        0  sdk.o(i.LCD_BrightnessInit)
    i.LCD_BrightnessSetting                  0x080020f0   Section        0  sdk.o(i.LCD_BrightnessSetting)
    i.LCD_Clear_Screen                       0x08002128   Section        0  sdk.o(i.LCD_Clear_Screen)
    i.LCD_Clear_block                        0x08002184   Section        0  sdk.o(i.LCD_Clear_block)
    i.LCD_ShowImg                            0x080021dc   Section        0  sdk.o(i.LCD_ShowImg)
    i.LCD_ShowList                           0x0800220c   Section        0  main.o(i.LCD_ShowList)
    i.LCD_init                               0x08002278   Section        0  sdk.o(i.LCD_init)
    i.LCD_set_chip_select                    0x08002734   Section        0  sdk.o(i.LCD_set_chip_select)
    i.LCD_set_data_command                   0x08002754   Section        0  sdk.o(i.LCD_set_data_command)
    i.LCD_set_frame                          0x08002770   Section        0  sdk.o(i.LCD_set_frame)
    i.LCD_set_reset                          0x080027bc   Section        0  sdk.o(i.LCD_set_reset)
    i.LCD_spi_tx                             0x080027dc   Section        0  sdk.o(i.LCD_spi_tx)
    i.LCD_write_byte                         0x080027f0   Section        0  sdk.o(i.LCD_write_byte)
    LCD_write_byte                           0x080027f1   Thumb Code    12  sdk.o(i.LCD_write_byte)
    i.LCD_write_command                      0x080027fc   Section        0  sdk.o(i.LCD_write_command)
    i.LCD_write_continue                     0x0800281a   Section        0  sdk.o(i.LCD_write_continue)
    i.LCD_write_data                         0x08002830   Section        0  sdk.o(i.LCD_write_data)
    i.MX_GPIO_Init                           0x08002854   Section        0  sdk.o(i.MX_GPIO_Init)
    i.MX_SPI1_Init                           0x08002930   Section        0  sdk.o(i.MX_SPI1_Init)
    i.MX_SPI2_Init                           0x08002978   Section        0  sdk.o(i.MX_SPI2_Init)
    i.NMI_Handler                            0x080029c4   Section        0  stm32g0xx_it.o(i.NMI_Handler)
    i.PendSV_Handler                         0x080029c6   Section        0  stm32g0xx_it.o(i.PendSV_Handler)
    i.ROM2FLASH                              0x080029c8   Section        0  main.o(i.ROM2FLASH)
    i.ReadIMGInfo_Flash                      0x08002a48   Section        0  main.o(i.ReadIMGInfo_Flash)
    i.SPI1_IRQHandler                        0x08002a58   Section        0  sdk.o(i.SPI1_IRQHandler)
    i.SPI2_IRQHandler                        0x08002a68   Section        0  sdk.o(i.SPI2_IRQHandler)
    i.SPI_DMAAbortOnError                    0x08002a78   Section        0  stm32g0xx_hal_spi.o(i.SPI_DMAAbortOnError)
    SPI_DMAAbortOnError                      0x08002a79   Thumb Code    18  stm32g0xx_hal_spi.o(i.SPI_DMAAbortOnError)
    i.SPI_EndRxTransaction                   0x08002a8a   Section        0  stm32g0xx_hal_spi.o(i.SPI_EndRxTransaction)
    SPI_EndRxTransaction                     0x08002a8b   Thumb Code   120  stm32g0xx_hal_spi.o(i.SPI_EndRxTransaction)
    i.SPI_EndRxTxTransaction                 0x08002b02   Section        0  stm32g0xx_hal_spi.o(i.SPI_EndRxTxTransaction)
    SPI_EndRxTxTransaction                   0x08002b03   Thumb Code    76  stm32g0xx_hal_spi.o(i.SPI_EndRxTxTransaction)
    i.SPI_WaitFifoStateUntilTimeout          0x08002b50   Section        0  stm32g0xx_hal_spi.o(i.SPI_WaitFifoStateUntilTimeout)
    SPI_WaitFifoStateUntilTimeout            0x08002b51   Thumb Code   192  stm32g0xx_hal_spi.o(i.SPI_WaitFifoStateUntilTimeout)
    i.SPI_WaitFlagStateUntilTimeout          0x08002c14   Section        0  stm32g0xx_hal_spi.o(i.SPI_WaitFlagStateUntilTimeout)
    SPI_WaitFlagStateUntilTimeout            0x08002c15   Thumb Code   180  stm32g0xx_hal_spi.o(i.SPI_WaitFlagStateUntilTimeout)
    i.SVC_Handler                            0x08002ccc   Section        0  stm32g0xx_it.o(i.SVC_Handler)
    i.ShowFlashIMG_ID                        0x08002cd0   Section        0  main.o(i.ShowFlashIMG_ID)
    i.ShowFlashIMG_xy                        0x08002d78   Section        0  main.o(i.ShowFlashIMG_xy)
    i.SysTick_Handler                        0x08002e28   Section        0  stm32g0xx_it.o(i.SysTick_Handler)
    i.SystemClock_Config                     0x08002e30   Section        0  main.o(i.SystemClock_Config)
    i.SystemInit                             0x08002e9c   Section        0  system_stm32g0xx.o(i.SystemInit)
    i.TIM6_IRQHandler                        0x08002eac   Section        0  sdk.o(i.TIM6_IRQHandler)
    i.TIM_Base_SetConfig                     0x08002ecc   Section        0  stm32g0xx_hal_tim.o(i.TIM_Base_SetConfig)
    i.TIM_CCxChannelCmd                      0x08002f54   Section        0  stm32g0xx_hal_tim.o(i.TIM_CCxChannelCmd)
    i.TIM_ETR_SetConfig                      0x08002f6e   Section        0  stm32g0xx_hal_tim.o(i.TIM_ETR_SetConfig)
    i.TIM_ITRx_SetConfig                     0x08002f84   Section        0  stm32g0xx_hal_tim.o(i.TIM_ITRx_SetConfig)
    TIM_ITRx_SetConfig                       0x08002f85   Thumb Code    16  stm32g0xx_hal_tim.o(i.TIM_ITRx_SetConfig)
    i.TIM_Init                               0x08002f98   Section        0  sdk.o(i.TIM_Init)
    i.TIM_OC1_SetConfig                      0x08003004   Section        0  stm32g0xx_hal_tim.o(i.TIM_OC1_SetConfig)
    TIM_OC1_SetConfig                        0x08003005   Thumb Code   120  stm32g0xx_hal_tim.o(i.TIM_OC1_SetConfig)
    i.TIM_OC2_SetConfig                      0x08003090   Section        0  stm32g0xx_hal_tim.o(i.TIM_OC2_SetConfig)
    i.TIM_OC3_SetConfig                      0x08003118   Section        0  stm32g0xx_hal_tim.o(i.TIM_OC3_SetConfig)
    TIM_OC3_SetConfig                        0x08003119   Thumb Code   116  stm32g0xx_hal_tim.o(i.TIM_OC3_SetConfig)
    i.TIM_OC4_SetConfig                      0x080031a0   Section        0  stm32g0xx_hal_tim.o(i.TIM_OC4_SetConfig)
    TIM_OC4_SetConfig                        0x080031a1   Thumb Code    96  stm32g0xx_hal_tim.o(i.TIM_OC4_SetConfig)
    i.TIM_OC5_SetConfig                      0x08003214   Section        0  stm32g0xx_hal_tim.o(i.TIM_OC5_SetConfig)
    TIM_OC5_SetConfig                        0x08003215   Thumb Code    82  stm32g0xx_hal_tim.o(i.TIM_OC5_SetConfig)
    i.TIM_OC6_SetConfig                      0x0800327c   Section        0  stm32g0xx_hal_tim.o(i.TIM_OC6_SetConfig)
    TIM_OC6_SetConfig                        0x0800327d   Thumb Code    90  stm32g0xx_hal_tim.o(i.TIM_OC6_SetConfig)
    i.TIM_TI1_ConfigInputStage               0x080032ec   Section        0  stm32g0xx_hal_tim.o(i.TIM_TI1_ConfigInputStage)
    TIM_TI1_ConfigInputStage                 0x080032ed   Thumb Code    34  stm32g0xx_hal_tim.o(i.TIM_TI1_ConfigInputStage)
    i.TIM_TI2_ConfigInputStage               0x0800330e   Section        0  stm32g0xx_hal_tim.o(i.TIM_TI2_ConfigInputStage)
    TIM_TI2_ConfigInputStage                 0x0800330f   Thumb Code    38  stm32g0xx_hal_tim.o(i.TIM_TI2_ConfigInputStage)
    i.TM_ConfigTimer                         0x08003334   Section        0  sdk.o(i.TM_ConfigTimer)
    i.TM_CreateTimer                         0x080033f4   Section        0  sdk.o(i.TM_CreateTimer)
    i.TM_Init                                0x08003404   Section        0  sdk.o(i.TM_Init)
    i.TM_Start                               0x08003438   Section        0  sdk.o(i.TM_Start)
    i.TM_StartTimer                          0x08003450   Section        0  sdk.o(i.TM_StartTimer)
    i.TM_TimerISR                            0x080034b8   Section        0  sdk.o(i.TM_TimerISR)
    i.TemperatureParm                        0x08003584   Section        0  main.o(i.TemperatureParm)
    i.__ARM_common_switch8                   0x08003600   Section        0  main.o(i.__ARM_common_switch8)
    i.__NVIC_SetPriority                     0x0800361c   Section        0  stm32g0xx_hal_cortex.o(i.__NVIC_SetPriority)
    __NVIC_SetPriority                       0x0800361d   Thumb Code    60  stm32g0xx_hal_cortex.o(i.__NVIC_SetPriority)
    i.__scatterload_copy                     0x08003660   Section       14  handlers.o(i.__scatterload_copy)
    i.__scatterload_null                     0x0800366e   Section        2  handlers.o(i.__scatterload_null)
    i.__scatterload_zeroinit                 0x08003670   Section       14  handlers.o(i.__scatterload_zeroinit)
    i.main                                   0x08003680   Section        0  main.o(i.main)
    .constdata                               0x080039ec   Section     1062  main.o(.constdata)
    Tmp                                      0x08003a24   Data         336  main.o(.constdata)
    _acdot_G                                 0x08003b74   Data         288  main.o(.constdata)
    _acdot_W                                 0x08003c94   Data         288  main.o(.constdata)
    BrightnessTable                          0x08003db4   Data          20  main.o(.constdata)
    addr                                     0x08003dc8   Data          44  main.o(.constdata)
    audioxy                                  0x08003df4   Data          30  main.o(.constdata)
    .constdata                               0x08003e14   Section       64  system_stm32g0xx.o(.constdata)
    .constdata                               0x08003e54   Section        8  sdk.o(.constdata)
    .data                                    0x20000000   Section       74  main.o(.data)
    gCase                                    0x20000000   Data           1  main.o(.data)
    ogCase                                   0x20000001   Data           1  main.o(.data)
    FanRef                                   0x20000002   Data           1  main.o(.data)
    TemperatureRef                           0x20000003   Data           1  main.o(.data)
    AudioRef                                 0x20000004   Data           1  main.o(.data)
    Img_Info                                 0x20000005   Data           4  main.o(.data)
    tmpInfo                                  0x20000009   Data           4  main.o(.data)
    Parm                                     0x2000000d   Data           6  main.o(.data)
    ParmMax                                  0x20000013   Data           6  main.o(.data)
    ParmMin                                  0x20000019   Data           6  main.o(.data)
    gIndex                                   0x2000001f   Data          43  main.o(.data)
    .data                                    0x2000004c   Section       12  stm32g0xx_hal.o(.data)
    .data                                    0x20000058   Section        4  system_stm32g0xx.o(.data)
    .data                                    0x2000005c   Section       28  sdk.o(.data)
    aState                                   0x2000005c   Data           1  sdk.o(.data)
    aLastState                               0x2000005d   Data           1  sdk.o(.data)
    _MaxUseCount                             0x2000005e   Data           1  sdk.o(.data)
    _UseCount                                0x2000005f   Data           1  sdk.o(.data)
    encoderCount                             0x20000064   Data           4  sdk.o(.data)
    count                                    0x20000068   Data           4  sdk.o(.data)
    prevCount                                0x2000006c   Data           4  sdk.o(.data)
    .bss                                     0x20000078   Section    10496  main.o(.bss)
    Img_buf                                  0x20000178   Data       10240  main.o(.bss)
    .bss                                     0x20002978   Section      804  sdk.o(.bss)
    _timerPool                               0x20002978   Data         360  sdk.o(.bss)
    _runList                                 0x20002ae0   Data          12  sdk.o(.bss)
    _cbList                                  0x20002aec   Data          12  sdk.o(.bss)
    STACK                                    0x20002ca0   Section     1024  startup_stm32g070xx.o(STACK)

    Global Symbols

    Symbol Name                              Value     Ov Type        Size  Object(Section)

    BuildAttributes$$THM_ISAv3M$S$PE$A:L22$X:L11$S22$IEEE1$IW$USESV6$~STKCKD$USESV7$~SHL$OSPACE$EBA8$MICROLIB$REQ8$PRES8$EABIv2 0x00000000   Number         0  anon$$obj.o ABSOLUTE
    __ARM_use_no_argv                        0x00000000   Number         0  main.o ABSOLUTE
    __cpp_initialize__aeabi_                  - Undefined Weak Reference
    __cxa_finalize                            - Undefined Weak Reference
    __decompress                              - Undefined Weak Reference
    _clock_init                               - Undefined Weak Reference
    _microlib_exit                            - Undefined Weak Reference
    __Vectors_Size                           0x000000b8   Number         0  startup_stm32g070xx.o ABSOLUTE
    __Vectors                                0x08000000   Data           4  startup_stm32g070xx.o(RESET)
    __Vectors_End                            0x080000b8   Data           0  startup_stm32g070xx.o(RESET)
    __main                                   0x080000b9   Thumb Code     0  entry.o(.ARM.Collect$$$$00000000)
    _main_stk                                0x080000b9   Thumb Code     0  entry2.o(.ARM.Collect$$$$00000001)
    _main_scatterload                        0x080000bd   Thumb Code     0  entry5.o(.ARM.Collect$$$$00000004)
    __main_after_scatterload                 0x080000c1   Thumb Code     0  entry5.o(.ARM.Collect$$$$00000004)
    _main_clock                              0x080000c1   Thumb Code     0  entry7b.o(.ARM.Collect$$$$00000008)
    _main_cpp_init                           0x080000c1   Thumb Code     0  entry8b.o(.ARM.Collect$$$$0000000A)
    _main_init                               0x080000c1   Thumb Code     0  entry9a.o(.ARM.Collect$$$$0000000B)
    __rt_final_cpp                           0x080000c9   Thumb Code     0  entry10a.o(.ARM.Collect$$$$0000000D)
    __rt_final_exit                          0x080000c9   Thumb Code     0  entry11a.o(.ARM.Collect$$$$0000000F)
    Reset_Handler                            0x080000cd   Thumb Code     8  startup_stm32g070xx.o(.text)
    ADC1_IRQHandler                          0x080000df   Thumb Code     0  startup_stm32g070xx.o(.text)
    DMA1_Ch4_7_DMAMUX1_OVR_IRQHandler        0x080000df   Thumb Code     0  startup_stm32g070xx.o(.text)
    DMA1_Channel1_IRQHandler                 0x080000df   Thumb Code     0  startup_stm32g070xx.o(.text)
    DMA1_Channel2_3_IRQHandler               0x080000df   Thumb Code     0  startup_stm32g070xx.o(.text)
    EXTI0_1_IRQHandler                       0x080000df   Thumb Code     0  startup_stm32g070xx.o(.text)
    EXTI2_3_IRQHandler                       0x080000df   Thumb Code     0  startup_stm32g070xx.o(.text)
    EXTI4_15_IRQHandler                      0x080000df   Thumb Code     0  startup_stm32g070xx.o(.text)
    FLASH_IRQHandler                         0x080000df   Thumb Code     0  startup_stm32g070xx.o(.text)
    I2C1_IRQHandler                          0x080000df   Thumb Code     0  startup_stm32g070xx.o(.text)
    I2C2_IRQHandler                          0x080000df   Thumb Code     0  startup_stm32g070xx.o(.text)
    RCC_IRQHandler                           0x080000df   Thumb Code     0  startup_stm32g070xx.o(.text)
    RTC_TAMP_IRQHandler                      0x080000df   Thumb Code     0  startup_stm32g070xx.o(.text)
    TIM14_IRQHandler                         0x080000df   Thumb Code     0  startup_stm32g070xx.o(.text)
    TIM15_IRQHandler                         0x080000df   Thumb Code     0  startup_stm32g070xx.o(.text)
    TIM16_IRQHandler                         0x080000df   Thumb Code     0  startup_stm32g070xx.o(.text)
    TIM17_IRQHandler                         0x080000df   Thumb Code     0  startup_stm32g070xx.o(.text)
    TIM1_BRK_UP_TRG_COM_IRQHandler           0x080000df   Thumb Code     0  startup_stm32g070xx.o(.text)
    TIM1_CC_IRQHandler                       0x080000df   Thumb Code     0  startup_stm32g070xx.o(.text)
    TIM3_IRQHandler                          0x080000df   Thumb Code     0  startup_stm32g070xx.o(.text)
    TIM7_IRQHandler                          0x080000df   Thumb Code     0  startup_stm32g070xx.o(.text)
    USART1_IRQHandler                        0x080000df   Thumb Code     0  startup_stm32g070xx.o(.text)
    USART2_IRQHandler                        0x080000df   Thumb Code     0  startup_stm32g070xx.o(.text)
    USART3_4_IRQHandler                      0x080000df   Thumb Code     0  startup_stm32g070xx.o(.text)
    WWDG_IRQHandler                          0x080000df   Thumb Code     0  startup_stm32g070xx.o(.text)
    __aeabi_uidiv                            0x080000e9   Thumb Code     0  uidiv.o(.text)
    __aeabi_uidivmod                         0x080000e9   Thumb Code    44  uidiv.o(.text)
    __aeabi_memset                           0x08000115   Thumb Code    14  memseta.o(.text)
    __aeabi_memset4                          0x08000115   Thumb Code     0  memseta.o(.text)
    __aeabi_memset8                          0x08000115   Thumb Code     0  memseta.o(.text)
    __aeabi_memclr                           0x08000123   Thumb Code     4  memseta.o(.text)
    __aeabi_memclr4                          0x08000123   Thumb Code     0  memseta.o(.text)
    __aeabi_memclr8                          0x08000123   Thumb Code     0  memseta.o(.text)
    _memset$wrapper                          0x08000127   Thumb Code    18  memseta.o(.text)
    __scatterload                            0x08000139   Thumb Code    28  init.o(.text)
    __scatterload_rt2                        0x08000139   Thumb Code     0  init.o(.text)
    AirConditionerParm                       0x0800015d   Thumb Code    12  main.o(i.AirConditionerParm)
    AudioParm                                0x080001f9   Thumb Code   122  main.o(i.AudioParm)
    BURNIMG                                  0x0800027d   Thumb Code    24  main.o(i.BURNIMG)
    BrightnessParm                           0x08000299   Thumb Code    24  main.o(i.BrightnessParm)
    DisplayInit                              0x080002b5   Thumb Code    32  main.o(i.DisplayInit)
    Encode_TimeProcess                       0x080002d9   Thumb Code    70  sdk.o(i.Encode_TimeProcess)
    Encoder2Index                            0x0800032d   Thumb Code    48  sdk.o(i.Encoder2Index)
    Encoder_Init                             0x08000361   Thumb Code   126  sdk.o(i.Encoder_Init)
    Enocde_Process                           0x080003f5   Thumb Code    74  sdk.o(i.Enocde_Process)
    FanParm                                  0x08000445   Thumb Code   190  main.o(i.FanParm)
    Flash_EraseBlock                         0x0800050d   Thumb Code   124  sdk.o(i.Flash_EraseBlock)
    Flash_Init                               0x08000591   Thumb Code   226  sdk.o(i.Flash_Init)
    Flash_ReadBytes                          0x0800067d   Thumb Code   128  sdk.o(i.Flash_ReadBytes)
    Flash_ReadID                             0x08000709   Thumb Code    64  sdk.o(i.Flash_ReadID)
    Flash_ReadStatusRegister                 0x0800074d   Thumb Code    92  sdk.o(i.Flash_ReadStatusRegister)
    Flash_ReadUniqID                         0x080007b1   Thumb Code    70  sdk.o(i.Flash_ReadUniqID)
    Flash_Spi                                0x08000801   Thumb Code    26  sdk.o(i.Flash_Spi)
    Flash_WaitForWriteEnd                    0x08000821   Thumb Code    60  sdk.o(i.Flash_WaitForWriteEnd)
    Flash_Write                              0x08000865   Thumb Code   112  sdk.o(i.Flash_Write)
    Flash_WriteEnable                        0x080008e1   Thumb Code    38  sdk.o(i.Flash_WriteEnable)
    HAL_DMA_Abort_IT                         0x0800090d   Thumb Code   118  stm32g0xx_hal_dma.o(i.HAL_DMA_Abort_IT)
    HAL_Delay                                0x08000989   Thumb Code    32  stm32g0xx_hal.o(i.HAL_Delay)
    HAL_GPIO_Init                            0x080009ad   Thumb Code   308  stm32g0xx_hal_gpio.o(i.HAL_GPIO_Init)
    HAL_GPIO_ReadPin                         0x08000af1   Thumb Code    10  stm32g0xx_hal_gpio.o(i.HAL_GPIO_ReadPin)
    HAL_GPIO_WritePin                        0x08000afb   Thumb Code    12  stm32g0xx_hal_gpio.o(i.HAL_GPIO_WritePin)
    HAL_GetTick                              0x08000b09   Thumb Code     6  stm32g0xx_hal.o(i.HAL_GetTick)
    HAL_IncTick                              0x08000b15   Thumb Code    12  stm32g0xx_hal.o(i.HAL_IncTick)
    HAL_Init                                 0x08000b25   Thumb Code    36  stm32g0xx_hal.o(i.HAL_Init)
    HAL_InitTick                             0x08000b4d   Thumb Code    64  stm32g0xx_hal.o(i.HAL_InitTick)
    HAL_MspInit                              0x08000b95   Thumb Code    46  stm32g0xx_hal_msp.o(i.HAL_MspInit)
    HAL_NVIC_EnableIRQ                       0x08000bc9   Thumb Code    18  stm32g0xx_hal_cortex.o(i.HAL_NVIC_EnableIRQ)
    HAL_NVIC_SetPriority                     0x08000be1   Thumb Code     8  stm32g0xx_hal_cortex.o(i.HAL_NVIC_SetPriority)
    HAL_PWREx_ControlVoltageScaling          0x08000be9   Thumb Code    62  stm32g0xx_hal_pwr_ex.o(i.HAL_PWREx_ControlVoltageScaling)
    HAL_RCC_ClockConfig                      0x08000c35   Thumb Code   318  stm32g0xx_hal_rcc.o(i.HAL_RCC_ClockConfig)
    HAL_RCC_GetSysClockFreq                  0x08000d8d   Thumb Code   130  stm32g0xx_hal_rcc.o(i.HAL_RCC_GetSysClockFreq)
    HAL_RCC_OscConfig                        0x08000e19   Thumb Code   948  stm32g0xx_hal_rcc.o(i.HAL_RCC_OscConfig)
    HAL_ResumeTick                           0x080011f1   Thumb Code    12  stm32g0xx_hal.o(i.HAL_ResumeTick)
    HAL_SPI_ErrorCallback                    0x08001201   Thumb Code     2  stm32g0xx_hal_spi.o(i.HAL_SPI_ErrorCallback)
    HAL_SPI_IRQHandler                       0x08001205   Thumb Code   244  stm32g0xx_hal_spi.o(i.HAL_SPI_IRQHandler)
    HAL_SPI_Init                             0x080012fd   Thumb Code   238  stm32g0xx_hal_spi.o(i.HAL_SPI_Init)
    HAL_SPI_MspInit                          0x080013ed   Thumb Code   182  sdk.o(i.HAL_SPI_MspInit)
    HAL_SPI_Receive                          0x080014b5   Thumb Code   364  stm32g0xx_hal_spi.o(i.HAL_SPI_Receive)
    HAL_SPI_Transmit                         0x08001621   Thumb Code   356  stm32g0xx_hal_spi.o(i.HAL_SPI_Transmit)
    HAL_SPI_TransmitReceive                  0x08001785   Thumb Code   496  stm32g0xx_hal_spi.o(i.HAL_SPI_TransmitReceive)
    HAL_SYSCFG_StrobeDBattpinsConfig         0x08001975   Thumb Code    16  stm32g0xx_hal.o(i.HAL_SYSCFG_StrobeDBattpinsConfig)
    HAL_SYSTICK_Config                       0x08001989   Thumb Code    38  stm32g0xx_hal_cortex.o(i.HAL_SYSTICK_Config)
    HAL_SuspendTick                          0x080019b9   Thumb Code    12  stm32g0xx_hal.o(i.HAL_SuspendTick)
    HAL_TIMEx_Break2Callback                 0x080019c9   Thumb Code     2  stm32g0xx_hal_tim_ex.o(i.HAL_TIMEx_Break2Callback)
    HAL_TIMEx_BreakCallback                  0x080019cb   Thumb Code     2  stm32g0xx_hal_tim_ex.o(i.HAL_TIMEx_BreakCallback)
    HAL_TIMEx_CommutCallback                 0x080019cd   Thumb Code     2  stm32g0xx_hal_tim_ex.o(i.HAL_TIMEx_CommutCallback)
    HAL_TIM_Base_Init                        0x080019cf   Thumb Code    76  stm32g0xx_hal_tim.o(i.HAL_TIM_Base_Init)
    HAL_TIM_Base_MspInit                     0x08001a1d   Thumb Code    44  sdk.o(i.HAL_TIM_Base_MspInit)
    HAL_TIM_Base_Start_IT                    0x08001a51   Thumb Code    74  stm32g0xx_hal_tim.o(i.HAL_TIM_Base_Start_IT)
    HAL_TIM_ConfigClockSource                0x08001aad   Thumb Code   206  stm32g0xx_hal_tim.o(i.HAL_TIM_ConfigClockSource)
    HAL_TIM_IC_CaptureCallback               0x08001b81   Thumb Code     2  stm32g0xx_hal_tim.o(i.HAL_TIM_IC_CaptureCallback)
    HAL_TIM_IRQHandler                       0x08001b85   Thumb Code   382  stm32g0xx_hal_tim.o(i.HAL_TIM_IRQHandler)
    HAL_TIM_OC_DelayElapsedCallback          0x08001d09   Thumb Code     2  stm32g0xx_hal_tim.o(i.HAL_TIM_OC_DelayElapsedCallback)
    HAL_TIM_PWM_ConfigChannel                0x08001d0b   Thumb Code   286  stm32g0xx_hal_tim.o(i.HAL_TIM_PWM_ConfigChannel)
    HAL_TIM_PWM_Init                         0x08001e29   Thumb Code    76  stm32g0xx_hal_tim.o(i.HAL_TIM_PWM_Init)
    HAL_TIM_PWM_MspInit                      0x08001e75   Thumb Code    70  sdk.o(i.HAL_TIM_PWM_MspInit)
    HAL_TIM_PWM_PulseFinishedCallback        0x08001ec9   Thumb Code     2  stm32g0xx_hal_tim.o(i.HAL_TIM_PWM_PulseFinishedCallback)
    HAL_TIM_PWM_Start                        0x08001ecd   Thumb Code   192  stm32g0xx_hal_tim.o(i.HAL_TIM_PWM_Start)
    HAL_TIM_PWM_Stop                         0x08001fa5   Thumb Code   142  stm32g0xx_hal_tim.o(i.HAL_TIM_PWM_Stop)
    HAL_TIM_PeriodElapsedCallback            0x08002049   Thumb Code     2  stm32g0xx_hal_tim.o(i.HAL_TIM_PeriodElapsedCallback)
    HAL_TIM_TriggerCallback                  0x0800204b   Thumb Code     2  stm32g0xx_hal_tim.o(i.HAL_TIM_TriggerCallback)
    HardFault_Handler                        0x0800204d   Thumb Code     2  stm32g0xx_it.o(i.HardFault_Handler)
    IndexAdd                                 0x0800204f   Thumb Code    26  sdk.o(i.IndexAdd)
    IndexSub                                 0x08002069   Thumb Code    26  sdk.o(i.IndexSub)
    LCD_BrightnessInit                       0x08002085   Thumb Code    96  sdk.o(i.LCD_BrightnessInit)
    LCD_BrightnessSetting                    0x080020f1   Thumb Code    50  sdk.o(i.LCD_BrightnessSetting)
    LCD_Clear_Screen                         0x08002129   Thumb Code    86  sdk.o(i.LCD_Clear_Screen)
    LCD_Clear_block                          0x08002185   Thumb Code    88  sdk.o(i.LCD_Clear_block)
    LCD_ShowImg                              0x080021dd   Thumb Code    46  sdk.o(i.LCD_ShowImg)
    LCD_ShowList                             0x0800220d   Thumb Code    98  main.o(i.LCD_ShowList)
    LCD_init                                 0x08002279   Thumb Code  1210  sdk.o(i.LCD_init)
    LCD_set_chip_select                      0x08002735   Thumb Code    26  sdk.o(i.LCD_set_chip_select)
    LCD_set_data_command                     0x08002755   Thumb Code    24  sdk.o(i.LCD_set_data_command)
    LCD_set_frame                            0x08002771   Thumb Code    76  sdk.o(i.LCD_set_frame)
    LCD_set_reset                            0x080027bd   Thumb Code    26  sdk.o(i.LCD_set_reset)
    LCD_spi_tx                               0x080027dd   Thumb Code    16  sdk.o(i.LCD_spi_tx)
    LCD_write_command                        0x080027fd   Thumb Code    30  sdk.o(i.LCD_write_command)
    LCD_write_continue                       0x0800281b   Thumb Code    22  sdk.o(i.LCD_write_continue)
    LCD_write_data                           0x08002831   Thumb Code    34  sdk.o(i.LCD_write_data)
    MX_GPIO_Init                             0x08002855   Thumb Code   204  sdk.o(i.MX_GPIO_Init)
    MX_SPI1_Init                             0x08002931   Thumb Code    64  sdk.o(i.MX_SPI1_Init)
    MX_SPI2_Init                             0x08002979   Thumb Code    66  sdk.o(i.MX_SPI2_Init)
    NMI_Handler                              0x080029c5   Thumb Code     2  stm32g0xx_it.o(i.NMI_Handler)
    PendSV_Handler                           0x080029c7   Thumb Code     2  stm32g0xx_it.o(i.PendSV_Handler)
    ROM2FLASH                                0x080029c9   Thumb Code   124  main.o(i.ROM2FLASH)
    ReadIMGInfo_Flash                        0x08002a49   Thumb Code    16  main.o(i.ReadIMGInfo_Flash)
    SPI1_IRQHandler                          0x08002a59   Thumb Code    10  sdk.o(i.SPI1_IRQHandler)
    SPI2_IRQHandler                          0x08002a69   Thumb Code    10  sdk.o(i.SPI2_IRQHandler)
    SVC_Handler                              0x08002ccd   Thumb Code     2  stm32g0xx_it.o(i.SVC_Handler)
    ShowFlashIMG_ID                          0x08002cd1   Thumb Code   160  main.o(i.ShowFlashIMG_ID)
    ShowFlashIMG_xy                          0x08002d79   Thumb Code   168  main.o(i.ShowFlashIMG_xy)
    SysTick_Handler                          0x08002e29   Thumb Code     8  stm32g0xx_it.o(i.SysTick_Handler)
    SystemClock_Config                       0x08002e31   Thumb Code   106  main.o(i.SystemClock_Config)
    SystemInit                               0x08002e9d   Thumb Code    10  system_stm32g0xx.o(i.SystemInit)
    TIM6_IRQHandler                          0x08002ead   Thumb Code    22  sdk.o(i.TIM6_IRQHandler)
    TIM_Base_SetConfig                       0x08002ecd   Thumb Code   110  stm32g0xx_hal_tim.o(i.TIM_Base_SetConfig)
    TIM_CCxChannelCmd                        0x08002f55   Thumb Code    26  stm32g0xx_hal_tim.o(i.TIM_CCxChannelCmd)
    TIM_ETR_SetConfig                        0x08002f6f   Thumb Code    22  stm32g0xx_hal_tim.o(i.TIM_ETR_SetConfig)
    TIM_Init                                 0x08002f99   Thumb Code    90  sdk.o(i.TIM_Init)
    TIM_OC2_SetConfig                        0x08003091   Thumb Code   114  stm32g0xx_hal_tim.o(i.TIM_OC2_SetConfig)
    TM_ConfigTimer                           0x08003335   Thumb Code   182  sdk.o(i.TM_ConfigTimer)
    TM_CreateTimer                           0x080033f5   Thumb Code    16  sdk.o(i.TM_CreateTimer)
    TM_Init                                  0x08003405   Thumb Code    38  sdk.o(i.TM_Init)
    TM_Start                                 0x08003439   Thumb Code    14  sdk.o(i.TM_Start)
    TM_StartTimer                            0x08003451   Thumb Code    94  sdk.o(i.TM_StartTimer)
    TM_TimerISR                              0x080034b9   Thumb Code   198  sdk.o(i.TM_TimerISR)
    TemperatureParm                          0x08003585   Thumb Code   120  main.o(i.TemperatureParm)
    __ARM_common_switch8                     0x08003601   Thumb Code    26  main.o(i.__ARM_common_switch8)
    __scatterload_copy                       0x08003661   Thumb Code    14  handlers.o(i.__scatterload_copy)
    __scatterload_null                       0x0800366f   Thumb Code     2  handlers.o(i.__scatterload_null)
    __scatterload_zeroinit                   0x08003671   Thumb Code    14  handlers.o(i.__scatterload_zeroinit)
    main                                     0x08003681   Thumb Code   852  main.o(i.main)
    AHBPrescTable                            0x08003e14   Data          64  system_stm32g0xx.o(.constdata)
    Region$$Table$$Base                      0x08003e5c   Number         0  anon$$obj.o(Region$$Table)
    Region$$Table$$Limit                     0x08003e7c   Number         0  anon$$obj.o(Region$$Table)
    uwTickFreq                               0x2000004c   Data           1  stm32g0xx_hal.o(.data)
    uwTickPrio                               0x20000050   Data           4  stm32g0xx_hal.o(.data)
    uwTick                                   0x20000054   Data           4  stm32g0xx_hal.o(.data)
    SystemCoreClock                          0x20000058   Data           4  system_stm32g0xx.o(.data)
    Encode_TmrID                             0x20000060   Data           2  sdk.o(.data)
    _callbackFun                             0x20000070   Data           8  sdk.o(.data)
    Page_tmp                                 0x20000078   Data         256  main.o(.bss)
    hspi1                                    0x20002af8   Data         100  sdk.o(.bss)
    hspi2                                    0x20002b5c   Data         100  sdk.o(.bss)
    PWM_TimHandle                            0x20002bc0   Data          76  sdk.o(.bss)
    PWM_sConfig                              0x20002c0c   Data          28  sdk.o(.bss)
    TimHandle                                0x20002c28   Data          76  sdk.o(.bss)
    w25qxx                                   0x20002c74   Data          40  sdk.o(.bss)
    __initial_sp                             0x200030a0   Data           0  startup_stm32g070xx.o(STACK)



==============================================================================

Memory Map of the image

  Image Entry point : 0x080000b9

  Load Region LR_IROM1 (Base: 0x08000000, Size: 0x00003ef4, Max: 0x00020000, ABSOLUTE)

    Execution Region ER_IROM1 (Exec base: 0x08000000, Load base: 0x08000000, Size: 0x00003e7c, Max: 0x00020000, ABSOLUTE)

    Exec Addr    Load Addr    Size         Type   Attr      Idx    E Section Name        Object

    0x08000000   0x08000000   0x000000b8   Data   RO            3    RESET               startup_stm32g070xx.o
    0x080000b8   0x080000b8   0x00000000   Code   RO         4309  * .ARM.Collect$$$$00000000  mc_p.l(entry.o)
    0x080000b8   0x080000b8   0x00000004   Code   RO         4316    .ARM.Collect$$$$00000001  mc_p.l(entry2.o)
    0x080000bc   0x080000bc   0x00000004   Code   RO         4319    .ARM.Collect$$$$00000004  mc_p.l(entry5.o)
    0x080000c0   0x080000c0   0x00000000   Code   RO         4321    .ARM.Collect$$$$00000008  mc_p.l(entry7b.o)
    0x080000c0   0x080000c0   0x00000000   Code   RO         4323    .ARM.Collect$$$$0000000A  mc_p.l(entry8b.o)
    0x080000c0   0x080000c0   0x00000008   Code   RO         4324    .ARM.Collect$$$$0000000B  mc_p.l(entry9a.o)
    0x080000c8   0x080000c8   0x00000000   Code   RO         4326    .ARM.Collect$$$$0000000D  mc_p.l(entry10a.o)
    0x080000c8   0x080000c8   0x00000000   Code   RO         4328    .ARM.Collect$$$$0000000F  mc_p.l(entry11a.o)
    0x080000c8   0x080000c8   0x00000004   Code   RO         4317    .ARM.Collect$$$$00002712  mc_p.l(entry2.o)
    0x080000cc   0x080000cc   0x0000001c   Code   RO            4    .text               startup_stm32g070xx.o
    0x080000e8   0x080000e8   0x0000002c   Code   RO         4312    .text               mc_p.l(uidiv.o)
    0x08000114   0x08000114   0x00000024   Code   RO         4314    .text               mc_p.l(memseta.o)
    0x08000138   0x08000138   0x00000024   Code   RO         4330    .text               mc_p.l(init.o)
    0x0800015c   0x0800015c   0x0000000c   Code   RO           12    i.AirConditionerParm  main.o
    0x08000168   0x08000168   0x00000090   Code   RO         3703    i.AllocTimer        SDK.lib(sdk.o)
    0x080001f8   0x080001f8   0x00000084   Code   RO           13    i.AudioParm         main.o
    0x0800027c   0x0800027c   0x0000001c   Code   RO           14    i.BURNIMG           main.o
    0x08000298   0x08000298   0x0000001c   Code   RO           15    i.BrightnessParm    main.o
    0x080002b4   0x080002b4   0x00000024   Code   RO           16    i.DisplayInit       main.o
    0x080002d8   0x080002d8   0x00000054   Code   RO         3704    i.Encode_TimeProcess  SDK.lib(sdk.o)
    0x0800032c   0x0800032c   0x00000034   Code   RO         3705    i.Encoder2Index     SDK.lib(sdk.o)
    0x08000360   0x08000360   0x00000094   Code   RO         3706    i.Encoder_Init      SDK.lib(sdk.o)
    0x080003f4   0x080003f4   0x00000050   Code   RO         3707    i.Enocde_Process    SDK.lib(sdk.o)
    0x08000444   0x08000444   0x000000c8   Code   RO           18    i.FanParm           main.o
    0x0800050c   0x0800050c   0x00000084   Code   RO         3709    i.Flash_EraseBlock  SDK.lib(sdk.o)
    0x08000590   0x08000590   0x000000ec   Code   RO         3712    i.Flash_Init        SDK.lib(sdk.o)
    0x0800067c   0x0800067c   0x0000008c   Code   RO         3720    i.Flash_ReadBytes   SDK.lib(sdk.o)
    0x08000708   0x08000708   0x00000044   Code   RO         3721    i.Flash_ReadID      SDK.lib(sdk.o)
    0x0800074c   0x0800074c   0x00000064   Code   RO         3724    i.Flash_ReadStatusRegister  SDK.lib(sdk.o)
    0x080007b0   0x080007b0   0x00000050   Code   RO         3725    i.Flash_ReadUniqID  SDK.lib(sdk.o)
    0x08000800   0x08000800   0x00000020   Code   RO         3728    i.Flash_Spi         SDK.lib(sdk.o)
    0x08000820   0x08000820   0x00000044   Code   RO         3729    i.Flash_WaitForWriteEnd  SDK.lib(sdk.o)
    0x08000864   0x08000864   0x0000007c   Code   RO         3730    i.Flash_Write       SDK.lib(sdk.o)
    0x080008e0   0x080008e0   0x0000002c   Code   RO         3734    i.Flash_WriteEnable  SDK.lib(sdk.o)
    0x0800090c   0x0800090c   0x0000007c   Code   RO         1745    i.HAL_DMA_Abort_IT  stm32g0xx_hal_dma.o
    0x08000988   0x08000988   0x00000024   Code   RO         2202    i.HAL_Delay         stm32g0xx_hal.o
    0x080009ac   0x080009ac   0x00000144   Code   RO         1677    i.HAL_GPIO_Init     stm32g0xx_hal_gpio.o
    0x08000af0   0x08000af0   0x0000000a   Code   RO         1679    i.HAL_GPIO_ReadPin  stm32g0xx_hal_gpio.o
    0x08000afa   0x08000afa   0x0000000c   Code   RO         1681    i.HAL_GPIO_WritePin  stm32g0xx_hal_gpio.o
    0x08000b06   0x08000b06   0x00000002   PAD
    0x08000b08   0x08000b08   0x0000000c   Code   RO         2206    i.HAL_GetTick       stm32g0xx_hal.o
    0x08000b14   0x08000b14   0x00000010   Code   RO         2212    i.HAL_IncTick       stm32g0xx_hal.o
    0x08000b24   0x08000b24   0x00000028   Code   RO         2213    i.HAL_Init          stm32g0xx_hal.o
    0x08000b4c   0x08000b4c   0x00000048   Code   RO         2214    i.HAL_InitTick      stm32g0xx_hal.o
    0x08000b94   0x08000b94   0x00000034   Code   RO          301    i.HAL_MspInit       stm32g0xx_hal_msp.o
    0x08000bc8   0x08000bc8   0x00000018   Code   RO         2090    i.HAL_NVIC_EnableIRQ  stm32g0xx_hal_cortex.o
    0x08000be0   0x08000be0   0x00000008   Code   RO         2094    i.HAL_NVIC_SetPriority  stm32g0xx_hal_cortex.o
    0x08000be8   0x08000be8   0x0000004c   Code   RO         1975    i.HAL_PWREx_ControlVoltageScaling  stm32g0xx_hal_pwr_ex.o
    0x08000c34   0x08000c34   0x00000158   Code   RO         1333    i.HAL_RCC_ClockConfig  stm32g0xx_hal_rcc.o
    0x08000d8c   0x08000d8c   0x0000008c   Code   RO         1342    i.HAL_RCC_GetSysClockFreq  stm32g0xx_hal_rcc.o
    0x08000e18   0x08000e18   0x000003d8   Code   RO         1346    i.HAL_RCC_OscConfig  stm32g0xx_hal_rcc.o
    0x080011f0   0x080011f0   0x00000010   Code   RO         2217    i.HAL_ResumeTick    stm32g0xx_hal.o
    0x08001200   0x08001200   0x00000002   Code   RO         2460    i.HAL_SPI_ErrorCallback  stm32g0xx_hal_spi.o
    0x08001202   0x08001202   0x00000002   PAD
    0x08001204   0x08001204   0x000000f8   Code   RO         2463    i.HAL_SPI_IRQHandler  stm32g0xx_hal_spi.o
    0x080012fc   0x080012fc   0x000000ee   Code   RO         2464    i.HAL_SPI_Init      stm32g0xx_hal_spi.o
    0x080013ea   0x080013ea   0x00000002   PAD
    0x080013ec   0x080013ec   0x000000c8   Code   RO         3739    i.HAL_SPI_MspInit   SDK.lib(sdk.o)
    0x080014b4   0x080014b4   0x0000016c   Code   RO         2467    i.HAL_SPI_Receive   stm32g0xx_hal_spi.o
    0x08001620   0x08001620   0x00000164   Code   RO         2472    i.HAL_SPI_Transmit  stm32g0xx_hal_spi.o
    0x08001784   0x08001784   0x000001f0   Code   RO         2473    i.HAL_SPI_TransmitReceive  stm32g0xx_hal_spi.o
    0x08001974   0x08001974   0x00000014   Code   RO         2222    i.HAL_SYSCFG_StrobeDBattpinsConfig  stm32g0xx_hal.o
    0x08001988   0x08001988   0x00000030   Code   RO         2098    i.HAL_SYSTICK_Config  stm32g0xx_hal_cortex.o
    0x080019b8   0x080019b8   0x00000010   Code   RO         2224    i.HAL_SuspendTick   stm32g0xx_hal.o
    0x080019c8   0x080019c8   0x00000002   Code   RO         1033    i.HAL_TIMEx_Break2Callback  stm32g0xx_hal_tim_ex.o
    0x080019ca   0x080019ca   0x00000002   Code   RO         1034    i.HAL_TIMEx_BreakCallback  stm32g0xx_hal_tim_ex.o
    0x080019cc   0x080019cc   0x00000002   Code   RO         1035    i.HAL_TIMEx_CommutCallback  stm32g0xx_hal_tim_ex.o
    0x080019ce   0x080019ce   0x0000004c   Code   RO          323    i.HAL_TIM_Base_Init  stm32g0xx_hal_tim.o
    0x08001a1a   0x08001a1a   0x00000002   PAD
    0x08001a1c   0x08001a1c   0x00000034   Code   RO         3741    i.HAL_TIM_Base_MspInit  SDK.lib(sdk.o)
    0x08001a50   0x08001a50   0x0000005c   Code   RO          328    i.HAL_TIM_Base_Start_IT  stm32g0xx_hal_tim.o
    0x08001aac   0x08001aac   0x000000d4   Code   RO          332    i.HAL_TIM_ConfigClockSource  stm32g0xx_hal_tim.o
    0x08001b80   0x08001b80   0x00000002   Code   RO          357    i.HAL_TIM_IC_CaptureCallback  stm32g0xx_hal_tim.o
    0x08001b82   0x08001b82   0x00000002   PAD
    0x08001b84   0x08001b84   0x00000184   Code   RO          371    i.HAL_TIM_IRQHandler  stm32g0xx_hal_tim.o
    0x08001d08   0x08001d08   0x00000002   Code   RO          374    i.HAL_TIM_OC_DelayElapsedCallback  stm32g0xx_hal_tim.o
    0x08001d0a   0x08001d0a   0x0000011e   Code   RO          395    i.HAL_TIM_PWM_ConfigChannel  stm32g0xx_hal_tim.o
    0x08001e28   0x08001e28   0x0000004c   Code   RO          398    i.HAL_TIM_PWM_Init  stm32g0xx_hal_tim.o
    0x08001e74   0x08001e74   0x00000054   Code   RO         3743    i.HAL_TIM_PWM_MspInit  SDK.lib(sdk.o)
    0x08001ec8   0x08001ec8   0x00000002   Code   RO          401    i.HAL_TIM_PWM_PulseFinishedCallback  stm32g0xx_hal_tim.o
    0x08001eca   0x08001eca   0x00000002   PAD
    0x08001ecc   0x08001ecc   0x000000d8   Code   RO          403    i.HAL_TIM_PWM_Start  stm32g0xx_hal_tim.o
    0x08001fa4   0x08001fa4   0x000000a4   Code   RO          406    i.HAL_TIM_PWM_Stop  stm32g0xx_hal_tim.o
    0x08002048   0x08002048   0x00000002   Code   RO          409    i.HAL_TIM_PeriodElapsedCallback  stm32g0xx_hal_tim.o
    0x0800204a   0x0800204a   0x00000002   Code   RO          414    i.HAL_TIM_TriggerCallback  stm32g0xx_hal_tim.o
    0x0800204c   0x0800204c   0x00000002   Code   RO          254    i.HardFault_Handler  stm32g0xx_it.o
    0x0800204e   0x0800204e   0x0000001a   Code   RO         3744    i.IndexAdd          SDK.lib(sdk.o)
    0x08002068   0x08002068   0x0000001a   Code   RO         3745    i.IndexSub          SDK.lib(sdk.o)
    0x08002082   0x08002082   0x00000002   PAD
    0x08002084   0x08002084   0x0000006c   Code   RO         3746    i.LCD_BrightnessInit  SDK.lib(sdk.o)
    0x080020f0   0x080020f0   0x00000038   Code   RO         3747    i.LCD_BrightnessSetting  SDK.lib(sdk.o)
    0x08002128   0x08002128   0x0000005c   Code   RO         3748    i.LCD_Clear_Screen  SDK.lib(sdk.o)
    0x08002184   0x08002184   0x00000058   Code   RO         3749    i.LCD_Clear_block   SDK.lib(sdk.o)
    0x080021dc   0x080021dc   0x0000002e   Code   RO         3750    i.LCD_ShowImg       SDK.lib(sdk.o)
    0x0800220a   0x0800220a   0x00000002   PAD
    0x0800220c   0x0800220c   0x0000006c   Code   RO           19    i.LCD_ShowList      main.o
    0x08002278   0x08002278   0x000004ba   Code   RO         3751    i.LCD_init          SDK.lib(sdk.o)
    0x08002732   0x08002732   0x00000002   PAD
    0x08002734   0x08002734   0x00000020   Code   RO         3752    i.LCD_set_chip_select  SDK.lib(sdk.o)
    0x08002754   0x08002754   0x0000001c   Code   RO         3753    i.LCD_set_data_command  SDK.lib(sdk.o)
    0x08002770   0x08002770   0x0000004c   Code   RO         3754    i.LCD_set_frame     SDK.lib(sdk.o)
    0x080027bc   0x080027bc   0x00000020   Code   RO         3755    i.LCD_set_reset     SDK.lib(sdk.o)
    0x080027dc   0x080027dc   0x00000014   Code   RO         3756    i.LCD_spi_tx        SDK.lib(sdk.o)
    0x080027f0   0x080027f0   0x0000000c   Code   RO         3758    i.LCD_write_byte    SDK.lib(sdk.o)
    0x080027fc   0x080027fc   0x0000001e   Code   RO         3759    i.LCD_write_command  SDK.lib(sdk.o)
    0x0800281a   0x0800281a   0x00000016   Code   RO         3760    i.LCD_write_continue  SDK.lib(sdk.o)
    0x08002830   0x08002830   0x00000022   Code   RO         3761    i.LCD_write_data    SDK.lib(sdk.o)
    0x08002852   0x08002852   0x00000002   PAD
    0x08002854   0x08002854   0x000000dc   Code   RO         3762    i.MX_GPIO_Init      SDK.lib(sdk.o)
    0x08002930   0x08002930   0x00000048   Code   RO         3763    i.MX_SPI1_Init      SDK.lib(sdk.o)
    0x08002978   0x08002978   0x0000004c   Code   RO         3764    i.MX_SPI2_Init      SDK.lib(sdk.o)
    0x080029c4   0x080029c4   0x00000002   Code   RO          255    i.NMI_Handler       stm32g0xx_it.o
    0x080029c6   0x080029c6   0x00000002   Code   RO          256    i.PendSV_Handler    stm32g0xx_it.o
    0x080029c8   0x080029c8   0x00000080   Code   RO           20    i.ROM2FLASH         main.o
    0x08002a48   0x08002a48   0x00000010   Code   RO           21    i.ReadIMGInfo_Flash  main.o
    0x08002a58   0x08002a58   0x00000010   Code   RO         3765    i.SPI1_IRQHandler   SDK.lib(sdk.o)
    0x08002a68   0x08002a68   0x00000010   Code   RO         3766    i.SPI2_IRQHandler   SDK.lib(sdk.o)
    0x08002a78   0x08002a78   0x00000012   Code   RO         2491    i.SPI_DMAAbortOnError  stm32g0xx_hal_spi.o
    0x08002a8a   0x08002a8a   0x00000078   Code   RO         2501    i.SPI_EndRxTransaction  stm32g0xx_hal_spi.o
    0x08002b02   0x08002b02   0x0000004c   Code   RO         2502    i.SPI_EndRxTxTransaction  stm32g0xx_hal_spi.o
    0x08002b4e   0x08002b4e   0x00000002   PAD
    0x08002b50   0x08002b50   0x000000c4   Code   RO         2507    i.SPI_WaitFifoStateUntilTimeout  stm32g0xx_hal_spi.o
    0x08002c14   0x08002c14   0x000000b8   Code   RO         2508    i.SPI_WaitFlagStateUntilTimeout  stm32g0xx_hal_spi.o
    0x08002ccc   0x08002ccc   0x00000002   Code   RO          257    i.SVC_Handler       stm32g0xx_it.o
    0x08002cce   0x08002cce   0x00000002   PAD
    0x08002cd0   0x08002cd0   0x000000a8   Code   RO           22    i.ShowFlashIMG_ID   main.o
    0x08002d78   0x08002d78   0x000000b0   Code   RO           23    i.ShowFlashIMG_xy   main.o
    0x08002e28   0x08002e28   0x00000008   Code   RO          258    i.SysTick_Handler   stm32g0xx_it.o
    0x08002e30   0x08002e30   0x0000006a   Code   RO           24    i.SystemClock_Config  main.o
    0x08002e9a   0x08002e9a   0x00000002   PAD
    0x08002e9c   0x08002e9c   0x00000010   Code   RO         3670    i.SystemInit        system_stm32g0xx.o
    0x08002eac   0x08002eac   0x00000020   Code   RO         3767    i.TIM6_IRQHandler   SDK.lib(sdk.o)
    0x08002ecc   0x08002ecc   0x00000088   Code   RO          416    i.TIM_Base_SetConfig  stm32g0xx_hal_tim.o
    0x08002f54   0x08002f54   0x0000001a   Code   RO          417    i.TIM_CCxChannelCmd  stm32g0xx_hal_tim.o
    0x08002f6e   0x08002f6e   0x00000016   Code   RO          427    i.TIM_ETR_SetConfig  stm32g0xx_hal_tim.o
    0x08002f84   0x08002f84   0x00000014   Code   RO          428    i.TIM_ITRx_SetConfig  stm32g0xx_hal_tim.o
    0x08002f98   0x08002f98   0x0000006c   Code   RO         3768    i.TIM_Init          SDK.lib(sdk.o)
    0x08003004   0x08003004   0x0000008c   Code   RO          429    i.TIM_OC1_SetConfig  stm32g0xx_hal_tim.o
    0x08003090   0x08003090   0x00000088   Code   RO          430    i.TIM_OC2_SetConfig  stm32g0xx_hal_tim.o
    0x08003118   0x08003118   0x00000088   Code   RO          431    i.TIM_OC3_SetConfig  stm32g0xx_hal_tim.o
    0x080031a0   0x080031a0   0x00000074   Code   RO          432    i.TIM_OC4_SetConfig  stm32g0xx_hal_tim.o
    0x08003214   0x08003214   0x00000068   Code   RO          433    i.TIM_OC5_SetConfig  stm32g0xx_hal_tim.o
    0x0800327c   0x0800327c   0x00000070   Code   RO          434    i.TIM_OC6_SetConfig  stm32g0xx_hal_tim.o
    0x080032ec   0x080032ec   0x00000022   Code   RO          436    i.TIM_TI1_ConfigInputStage  stm32g0xx_hal_tim.o
    0x0800330e   0x0800330e   0x00000026   Code   RO          438    i.TIM_TI2_ConfigInputStage  stm32g0xx_hal_tim.o
    0x08003334   0x08003334   0x000000c0   Code   RO         3774    i.TM_ConfigTimer    SDK.lib(sdk.o)
    0x080033f4   0x080033f4   0x00000010   Code   RO         3776    i.TM_CreateTimer    SDK.lib(sdk.o)
    0x08003404   0x08003404   0x00000034   Code   RO         3779    i.TM_Init           SDK.lib(sdk.o)
    0x08003438   0x08003438   0x00000018   Code   RO         3780    i.TM_Start          SDK.lib(sdk.o)
    0x08003450   0x08003450   0x00000068   Code   RO         3781    i.TM_StartTimer     SDK.lib(sdk.o)
    0x080034b8   0x080034b8   0x000000cc   Code   RO         3784    i.TM_TimerISR       SDK.lib(sdk.o)
    0x08003584   0x08003584   0x0000007c   Code   RO           25    i.TemperatureParm   main.o
    0x08003600   0x08003600   0x0000001a   Code   RO          110    i.__ARM_common_switch8  main.o
    0x0800361a   0x0800361a   0x00000002   PAD
    0x0800361c   0x0800361c   0x00000044   Code   RO         2100    i.__NVIC_SetPriority  stm32g0xx_hal_cortex.o
    0x08003660   0x08003660   0x0000000e   Code   RO         4334    i.__scatterload_copy  mc_p.l(handlers.o)
    0x0800366e   0x0800366e   0x00000002   Code   RO         4335    i.__scatterload_null  mc_p.l(handlers.o)
    0x08003670   0x08003670   0x0000000e   Code   RO         4336    i.__scatterload_zeroinit  mc_p.l(handlers.o)
    0x0800367e   0x0800367e   0x00000002   PAD
    0x08003680   0x08003680   0x0000036c   Code   RO           26    i.main              main.o
    0x080039ec   0x080039ec   0x00000426   Data   RO           28    .constdata          main.o
    0x08003e12   0x08003e12   0x00000002   PAD
    0x08003e14   0x08003e14   0x00000040   Data   RO         3671    .constdata          system_stm32g0xx.o
    0x08003e54   0x08003e54   0x00000008   Data   RO         3786    .constdata          SDK.lib(sdk.o)
    0x08003e5c   0x08003e5c   0x00000020   Data   RO         4332    Region$$Table       anon$$obj.o


    Execution Region RW_IRAM1 (Exec base: 0x20000000, Load base: 0x08003e7c, Size: 0x000030a0, Max: 0x00009000, ABSOLUTE)

    Exec Addr    Load Addr    Size         Type   Attr      Idx    E Section Name        Object

    0x20000000   0x08003e7c   0x0000004a   Data   RW           29    .data               main.o
    0x2000004a   0x08003ec6   0x00000002   PAD
    0x2000004c   0x08003ec8   0x0000000c   Data   RW         2225    .data               stm32g0xx_hal.o
    0x20000058   0x08003ed4   0x00000004   Data   RW         3673    .data               system_stm32g0xx.o
    0x2000005c   0x08003ed8   0x0000001c   Data   RW         3787    .data               SDK.lib(sdk.o)
    0x20000078        -       0x00002900   Zero   RW           27    .bss                main.o
    0x20002978        -       0x00000324   Zero   RW         3785    .bss                SDK.lib(sdk.o)
    0x20002c9c   0x08003ef4   0x00000004   PAD
    0x20002ca0        -       0x00000400   Zero   RW            1    STACK               startup_stm32g070xx.o


==============================================================================

Image component sizes


      Code (inc. data)   RO Data    RW Data    ZI Data      Debug   Object Name

      2164        106       1062         74      10496     395224   main.o
        28          8        184          0       1024        636   startup_stm32g070xx.o
       228         38          0         12          0      17915   stm32g0xx_hal.o
       148         24          0          0          0      12149   stm32g0xx_hal_cortex.o
       124          6          0          0          0       1247   stm32g0xx_hal_dma.o
       346         16          0          0          0       3011   stm32g0xx_hal_gpio.o
        52          6          0          0          0        842   stm32g0xx_hal_msp.o
        76         14          0          0          0        746   stm32g0xx_hal_pwr_ex.o
      1468         72          0          0          0       4698   stm32g0xx_hal_rcc.o
      2298         12          0          0          0      12147   stm32g0xx_hal_spi.o
      2540        232          0          0          0      18967   stm32g0xx_hal_tim.o
         6          0          0          0          0       2192   stm32g0xx_hal_tim_ex.o
        16          0          0          0          0       2167   stm32g0xx_it.o
        16          6         64          4          0       1159   system_stm32g0xx.o

    ----------------------------------------------------------------------
      9530        540       1344         92      11520     473100   Object Totals
         0          0         32          0          0          0   (incl. Generated)
        20          0          2          2          0          0   (incl. Padding)

    ----------------------------------------------------------------------

      Code (inc. data)   RO Data    RW Data    ZI Data      Debug   Library Member Name

      4938        366          8         28        804     362898   sdk.o
         0          0          0          0          0          0   entry.o
         0          0          0          0          0          0   entry10a.o
         0          0          0          0          0          0   entry11a.o
         8          4          0          0          0          0   entry2.o
         4          0          0          0          0          0   entry5.o
         0          0          0          0          0          0   entry7b.o
         0          0          0          0          0          0   entry8b.o
         8          4          0          0          0          0   entry9a.o
        30          0          0          0          0          0   handlers.o
        36          8          0          0          0         68   init.o
        36          0          0          0          0        100   memseta.o
        44          0          0          0          0         72   uidiv.o

    ----------------------------------------------------------------------
      5114        382          8         28        808     363138   Library Totals
        10          0          0          0          4          0   (incl. Padding)

    ----------------------------------------------------------------------

      Code (inc. data)   RO Data    RW Data    ZI Data      Debug   Library Name

      4938        366          8         28        804     362898   SDK.lib
       166         16          0          0          0        240   mc_p.l

    ----------------------------------------------------------------------
      5114        382          8         28        808     363138   Library Totals

    ----------------------------------------------------------------------

==============================================================================


      Code (inc. data)   RO Data    RW Data    ZI Data      Debug   

     14644        922       1352        120      12328     830846   Grand Totals
     14644        922       1352        120      12328     830846   ELF Image Totals
     14644        922       1352        120          0          0   ROM Totals

==============================================================================

    Total RO  Size (Code + RO Data)                15996 (  15.62kB)
    Total RW  Size (RW Data + ZI Data)             12448 (  12.16kB)
    Total ROM Size (Code + RO Data + RW Data)      16116 (  15.74kB)

==============================================================================

